[    0.000000] Linux version 5.19.0-40-generic (buildd@lcy02-amd64-029) (x86_64-linux-gnu-gcc-12 (Ubuntu 12.2.0-3ubuntu1) 12.2.0, GNU ld (GNU Binutils for Ubuntu) 2.39) #41-Ubuntu SMP PREEMPT_DYNAMIC Thu Mar 23 21:39:15 UTC 2023 (Ubuntu 5.19.0-40.41-generic 5.19.17)
[    0.000000] Command line: BOOT_IMAGE=/boot/vmlinuz-5.19.0-40-generic root=UUID=5fd09937-c65b-47f8-9cc4-b636b41c3c96 ro quiet splash vt.handoff=7
[    0.000000] KERNEL supported cpus:
[    0.000000]   Intel GenuineIntel
[    0.000000]   AMD AuthenticAMD
[    0.000000]   Hygon HygonGenuine
[    0.000000]   Centaur CentaurHauls
[    0.000000]   zhaoxin   Shanghai  
[    0.000000] x86/fpu: Supporting XSAVE feature 0x001: 'x87 floating point registers'
[    0.000000] x86/fpu: Supporting XSAVE feature 0x002: 'SSE registers'
[    0.000000] x86/fpu: Supporting XSAVE feature 0x004: 'AVX registers'
[    0.000000] x86/fpu: Supporting XSAVE feature 0x200: 'Protection Keys User registers'
[    0.000000] x86/fpu: xstate_offset[2]:  576, xstate_sizes[2]:  256
[    0.000000] x86/fpu: xstate_offset[9]:  832, xstate_sizes[9]:    8
[    0.000000] x86/fpu: Enabled xstate features 0x207, context size is 840 bytes, using 'compacted' format.
[    0.000000] signal: max sigframe size: 3376
[    0.000000] BIOS-provided physical RAM map:
[    0.000000] BIOS-e820: [mem 0x0000000000000000-0x000000000009efff] usable
[    0.000000] BIOS-e820: [mem 0x000000000009f000-0x00000000000bffff] reserved
[    0.000000] BIOS-e820: [mem 0x0000000000100000-0x0000000009afffff] usable
[    0.000000] BIOS-e820: [mem 0x0000000009b00000-0x0000000009dfffff] reserved
[    0.000000] BIOS-e820: [mem 0x0000000009e00000-0x0000000009efffff] usable
[    0.000000] BIOS-e820: [mem 0x0000000009f00000-0x0000000009f13fff] ACPI NVS
[    0.000000] BIOS-e820: [mem 0x0000000009f14000-0x000000009fffefff] usable
[    0.000000] BIOS-e820: [mem 0x000000009ffff000-0x000000009fffffff] reserved
[    0.000000] BIOS-e820: [mem 0x00000000a0000000-0x00000000a2364fff] usable
[    0.000000] BIOS-e820: [mem 0x00000000a2365000-0x00000000a4564fff] reserved
[    0.000000] BIOS-e820: [mem 0x00000000a4565000-0x00000000a456cfff] usable
[    0.000000] BIOS-e820: [mem 0x00000000a456d000-0x00000000a456ffff] reserved
[    0.000000] BIOS-e820: [mem 0x00000000a4570000-0x00000000b077efff] usable
[    0.000000] BIOS-e820: [mem 0x00000000b077f000-0x00000000b2f7efff] reserved
[    0.000000] BIOS-e820: [mem 0x00000000b2f7f000-0x00000000baf7efff] ACPI NVS
[    0.000000] BIOS-e820: [mem 0x00000000baf7f000-0x00000000baffefff] ACPI data
[    0.000000] BIOS-e820: [mem 0x00000000bafff000-0x00000000baffffff] usable
[    0.000000] BIOS-e820: [mem 0x00000000bb000000-0x00000000bbffffff] reserved
[    0.000000] BIOS-e820: [mem 0x00000000bd800000-0x00000000bfffffff] reserved
[    0.000000] BIOS-e820: [mem 0x00000000fde00000-0x00000000fdefffff] reserved
[    0.000000] BIOS-e820: [mem 0x00000000fed80000-0x00000000fed80fff] reserved
[    0.000000] BIOS-e820: [mem 0x00000000ff000000-0x00000000ffffffff] reserved
[    0.000000] BIOS-e820: [mem 0x0000000100000000-0x000000081e2fffff] usable
[    0.000000] BIOS-e820: [mem 0x000000081f340000-0x00000008601fffff] reserved
[    0.000000] NX (Execute Disable) protection: active
[    0.000000] e820: update [mem 0x9b339018-0x9b35d657] usable ==> usable
[    0.000000] e820: update [mem 0x9b339018-0x9b35d657] usable ==> usable
[    0.000000] e820: update [mem 0xa0413018-0xa041de57] usable ==> usable
[    0.000000] e820: update [mem 0xa0413018-0xa041de57] usable ==> usable
[    0.000000] extended physical RAM map:
[    0.000000] reserve setup_data: [mem 0x0000000000000000-0x000000000009efff] usable
[    0.000000] reserve setup_data: [mem 0x000000000009f000-0x00000000000bffff] reserved
[    0.000000] reserve setup_data: [mem 0x0000000000100000-0x0000000009afffff] usable
[    0.000000] reserve setup_data: [mem 0x0000000009b00000-0x0000000009dfffff] reserved
[    0.000000] reserve setup_data: [mem 0x0000000009e00000-0x0000000009efffff] usable
[    0.000000] reserve setup_data: [mem 0x0000000009f00000-0x0000000009f13fff] ACPI NVS
[    0.000000] reserve setup_data: [mem 0x0000000009f14000-0x000000009b339017] usable
[    0.000000] reserve setup_data: [mem 0x000000009b339018-0x000000009b35d657] usable
[    0.000000] reserve setup_data: [mem 0x000000009b35d658-0x000000009fffefff] usable
[    0.000000] reserve setup_data: [mem 0x000000009ffff000-0x000000009fffffff] reserved
[    0.000000] reserve setup_data: [mem 0x00000000a0000000-0x00000000a0413017] usable
[    0.000000] reserve setup_data: [mem 0x00000000a0413018-0x00000000a041de57] usable
[    0.000000] reserve setup_data: [mem 0x00000000a041de58-0x00000000a2364fff] usable
[    0.000000] reserve setup_data: [mem 0x00000000a2365000-0x00000000a4564fff] reserved
[    0.000000] reserve setup_data: [mem 0x00000000a4565000-0x00000000a456cfff] usable
[    0.000000] reserve setup_data: [mem 0x00000000a456d000-0x00000000a456ffff] reserved
[    0.000000] reserve setup_data: [mem 0x00000000a4570000-0x00000000b077efff] usable
[    0.000000] reserve setup_data: [mem 0x00000000b077f000-0x00000000b2f7efff] reserved
[    0.000000] reserve setup_data: [mem 0x00000000b2f7f000-0x00000000baf7efff] ACPI NVS
[    0.000000] reserve setup_data: [mem 0x00000000baf7f000-0x00000000baffefff] ACPI data
[    0.000000] reserve setup_data: [mem 0x00000000bafff000-0x00000000baffffff] usable
[    0.000000] reserve setup_data: [mem 0x00000000bb000000-0x00000000bbffffff] reserved
[    0.000000] reserve setup_data: [mem 0x00000000bd800000-0x00000000bfffffff] reserved
[    0.000000] reserve setup_data: [mem 0x00000000fde00000-0x00000000fdefffff] reserved
[    0.000000] reserve setup_data: [mem 0x00000000fed80000-0x00000000fed80fff] reserved
[    0.000000] reserve setup_data: [mem 0x00000000ff000000-0x00000000ffffffff] reserved
[    0.000000] reserve setup_data: [mem 0x0000000100000000-0x000000081e2fffff] usable
[    0.000000] reserve setup_data: [mem 0x000000081f340000-0x00000008601fffff] reserved
[    0.000000] efi: EFI v2.70 by INSYDE Corp.
[    0.000000] efi: ACPI=0xbaffe000 ACPI 2.0=0xbaffe014 TPMFinalLog=0xbaf3f000 SMBIOS=0xb16f7000 SMBIOS 3.0=0xb16f5000 MEMATTR=0xabe2e018 ESRT=0xabe68698 MOKvar=0xb1879000 RNG=0xbaf81018 TPMEventLog=0xa041e018 
[    0.000000] efi: seeding entropy pool
[    0.000000] random: crng init done
[    0.000000] secureboot: Secure boot disabled
[    0.000000] SMBIOS 3.3.0 present.
[    0.000000] DMI: LENOVO 82RG/LNVNB161216, BIOS JUCN43WW 07/14/2022
[    0.000000] tsc: Fast TSC calibration using PIT
[    0.000000] tsc: Detected 3193.965 MHz processor
[    0.000357] e820: update [mem 0x00000000-0x00000fff] usable ==> reserved
[    0.000359] e820: remove [mem 0x000a0000-0x000fffff] usable
[    0.000366] last_pfn = 0x81e300 max_arch_pfn = 0x400000000
[    0.000701] x86/PAT: Configuration [0-7]: WB  WC  UC- UC  WB  WP  UC- WT  
[    0.000897] last_pfn = 0xbb000 max_arch_pfn = 0x400000000
[    0.004243] esrt: Reserving ESRT space from 0x00000000abe68698 to 0x00000000abe68720.
[    0.004249] e820: update [mem 0xabe68000-0xabe68fff] usable ==> reserved
[    0.004269] Using GB pages for direct mapping
[    0.004825] secureboot: Secure boot disabled
[    0.004826] RAMDISK: [mem 0x9b35e000-0x9fb08fff]
[    0.004832] ACPI: Early table checksum verification disabled
[    0.004835] ACPI: RSDP 0x00000000BAFFE014 000024 (v02 LENOVO)
[    0.004838] ACPI: XSDT 0x00000000BAF8B228 00018C (v01 LENOVO CB-01    00000001      01000013)
[    0.004843] ACPI: FACP 0x00000000BAFEA000 00010C (v05 LENOVO CB-01    00000001 ACPI 00040000)
[    0.004848] ACPI: DSDT 0x00000000BAFC6000 01DCEF (v01 LENOVO CB-01    00000001 ACPI 00040000)
[    0.004850] ACPI: FACS 0x00000000BAEB3000 000040
[    0.004852] ACPI: UEFI 0x00000000BAF7E000 000236 (v01 LENOVO CB-01    00000001 ACPI 00040000)
[    0.004855] ACPI: SSDT 0x00000000BAFFC000 000941 (v01 LENOVO CB-01    00000001 ACPI 00040000)
[    0.004857] ACPI: IVRS 0x00000000BAFFB000 0001A4 (v02 LENOVO CB-01    00000001 ACPI 00040000)
[    0.004859] ACPI: SSDT 0x00000000BAFF3000 007DF6 (v02 LENOVO CB-01    00000001 ACPI 00040000)
[    0.004862] ACPI: SSDT 0x00000000BAFF2000 000573 (v01 LENOVO CB-01    00000001 ACPI 00040000)
[    0.004864] ACPI: SSDT 0x00000000BAFF1000 0001CC (v01 LENOVO CB-01    00000001 ACPI 00040000)
[    0.004866] ACPI: SSDT 0x00000000BAFF0000 000C1B (v01 LENOVO CB-01    00000001 ACPI 00040000)
[    0.004869] ACPI: SSDT 0x00000000BAFEF000 000471 (v01 LENOVO CB-01    00000001 ACPI 00040000)
[    0.004871] ACPI: TPM2 0x00000000BAFEE000 000034 (v04 LENOVO CB-01    00000001 ACPI 00040000)
[    0.004873] ACPI: MSDM 0x00000000BAFED000 000055 (v03 LENOVO CB-01    00000001 ACPI 00040000)
[    0.004876] ACPI: ASF! 0x00000000BAFEC000 0000A5 (v32 LENOVO CB-01    00000001 ACPI 00040000)
[    0.004878] ACPI: BOOT 0x00000000BAFEB000 000028 (v01 LENOVO CB-01    00000001 ACPI 00040000)
[    0.004881] ACPI: HPET 0x00000000BAFE9000 000038 (v01 LENOVO CB-01    00000001 ACPI 00040000)
[    0.004883] ACPI: APIC 0x00000000BAFE8000 000138 (v03 LENOVO CB-01    00000001 ACPI 00040000)
[    0.004885] ACPI: MCFG 0x00000000BAFE7000 00003C (v01 LENOVO CB-01    00000001 ACPI 00040000)
[    0.004888] ACPI: SLIC 0x00000000BAFE6000 000176 (v01 LENOVO CB-01    00000001 ACPI 00040000)
[    0.004890] ACPI: SSDT 0x00000000BAFC5000 000099 (v01 LENOVO CB-01    00000001 ACPI 00040000)
[    0.004892] ACPI: $H2O 0x00000000BAFFD000 00002C (v01 LENOVO CB-01    00000001 ACPI 00040000)
[    0.004895] ACPI: SSDT 0x00000000BAFC0000 003C8F (v01 LENOVO CB-01    00000001 ACPI 00040000)
[    0.004897] ACPI: VFCT 0x00000000BAFB5000 00AE84 (v01 LENOVO CB-01    00000001 ACPI 00040000)
[    0.004899] ACPI: SSDT 0x00000000BAFB4000 0000F8 (v01 LENOVO CB-01    00000001 ACPI 00040000)
[    0.004902] ACPI: SSDT 0x00000000BAFAE000 005354 (v02 LENOVO CB-01    00000001 ACPI 00040000)
[    0.004904] ACPI: CRAT 0x00000000BAFAD000 000EE8 (v01 LENOVO CB-01    00000001 ACPI 00040000)
[    0.004906] ACPI: CDIT 0x00000000BAFAC000 000029 (v01 LENOVO CB-01    00000001 ACPI 00040000)
[    0.004909] ACPI: SSDT 0x00000000BAFAB000 0000D9 (v01 LENOVO CB-01    00000001 ACPI 00040000)
[    0.004911] ACPI: SSDT 0x00000000BAFA9000 001598 (v01 LENOVO CB-01    00000001 ACPI 00040000)
[    0.004913] ACPI: SSDT 0x00000000BAFA7000 00156D (v01 LENOVO CB-01    00000001 ACPI 00040000)
[    0.004916] ACPI: SSDT 0x00000000BAFA6000 000757 (v01 LENOVO CB-01    00000001 ACPI 00040000)
[    0.004918] ACPI: SSDT 0x00000000BAFA4000 001A64 (v01 LENOVO CB-01    00000001 ACPI 00040000)
[    0.004920] ACPI: SSDT 0x00000000BAF9C000 007BBF (v01 LENOVO CB-01    00000001 ACPI 00040000)
[    0.004923] ACPI: FPDT 0x00000000BAF9B000 000044 (v01 LENOVO CB-01    00000001 ACPI 00040000)
[    0.004925] ACPI: WSMT 0x00000000BAF99000 000028 (v01 LENOVO CB-01    00000001 ACPI 00040000)
[    0.004927] ACPI: SSDT 0x00000000BAFE4000 001E7F (v01 LENOVO CB-01    00000001 ACPI 00040000)
[    0.004930] ACPI: SSDT 0x00000000BAF98000 000756 (v01 LENOVO CB-01    00000001 ACPI 00040000)
[    0.004932] ACPI: SSDT 0x00000000BAF97000 000756 (v01 LENOVO CB-01    00000001 ACPI 00040000)
[    0.004934] ACPI: SSDT 0x00000000BAF96000 00070A (v01 LENOVO CB-01    00000001 ACPI 00040000)
[    0.004937] ACPI: SSDT 0x00000000BAF94000 00103A (v01 LENOVO CB-01    00000001 ACPI 00040000)
[    0.004939] ACPI: SSDT 0x00000000BAF8C000 007536 (v01 LENOVO CB-01    00000001 ACPI 00040000)
[    0.004941] ACPI: SSDT 0x00000000BAF86000 004CB7 (v01 LENOVO CB-01    00000001 ACPI 00040000)
[    0.004944] ACPI: SSDT 0x00000000BAFC4000 000FAD (v01 LENOVO CB-01    00000001 ACPI 00040000)
[    0.004946] ACPI: SSDT 0x00000000BAF85000 00074A (v01 LENOVO CB-01    00000001 ACPI 00040000)
[    0.004948] ACPI: SSDT 0x00000000BAF84000 00008D (v01 LENOVO CB-01    00000001 ACPI 00040000)
[    0.004951] ACPI: SSDT 0x00000000BAF82000 00121D (v01 LENOVO CB-01    00000001 ACPI 00040000)
[    0.004953] ACPI: BGRT 0x00000000BAF9A000 000038 (v01 LENOVO CB-01    00000001 ACPI 00040000)
[    0.004955] ACPI: Reserving FACP table memory at [mem 0xbafea000-0xbafea10b]
[    0.004956] ACPI: Reserving DSDT table memory at [mem 0xbafc6000-0xbafe3cee]
[    0.004957] ACPI: Reserving FACS table memory at [mem 0xbaeb3000-0xbaeb303f]
[    0.004957] ACPI: Reserving UEFI table memory at [mem 0xbaf7e000-0xbaf7e235]
[    0.004958] ACPI: Reserving SSDT table memory at [mem 0xbaffc000-0xbaffc940]
[    0.004959] ACPI: Reserving IVRS table memory at [mem 0xbaffb000-0xbaffb1a3]
[    0.004960] ACPI: Reserving SSDT table memory at [mem 0xbaff3000-0xbaffadf5]
[    0.004960] ACPI: Reserving SSDT table memory at [mem 0xbaff2000-0xbaff2572]
[    0.004961] ACPI: Reserving SSDT table memory at [mem 0xbaff1000-0xbaff11cb]
[    0.004962] ACPI: Reserving SSDT table memory at [mem 0xbaff0000-0xbaff0c1a]
[    0.004962] ACPI: Reserving SSDT table memory at [mem 0xbafef000-0xbafef470]
[    0.004963] ACPI: Reserving TPM2 table memory at [mem 0xbafee000-0xbafee033]
[    0.004964] ACPI: Reserving MSDM table memory at [mem 0xbafed000-0xbafed054]
[    0.004964] ACPI: Reserving ASF! table memory at [mem 0xbafec000-0xbafec0a4]
[    0.004965] ACPI: Reserving BOOT table memory at [mem 0xbafeb000-0xbafeb027]
[    0.004966] ACPI: Reserving HPET table memory at [mem 0xbafe9000-0xbafe9037]
[    0.004967] ACPI: Reserving APIC table memory at [mem 0xbafe8000-0xbafe8137]
[    0.004967] ACPI: Reserving MCFG table memory at [mem 0xbafe7000-0xbafe703b]
[    0.004968] ACPI: Reserving SLIC table memory at [mem 0xbafe6000-0xbafe6175]
[    0.004969] ACPI: Reserving SSDT table memory at [mem 0xbafc5000-0xbafc5098]
[    0.004970] ACPI: Reserving $H2O table memory at [mem 0xbaffd000-0xbaffd02b]
[    0.004970] ACPI: Reserving SSDT table memory at [mem 0xbafc0000-0xbafc3c8e]
[    0.004971] ACPI: Reserving VFCT table memory at [mem 0xbafb5000-0xbafbfe83]
[    0.004972] ACPI: Reserving SSDT table memory at [mem 0xbafb4000-0xbafb40f7]
[    0.004973] ACPI: Reserving SSDT table memory at [mem 0xbafae000-0xbafb3353]
[    0.004973] ACPI: Reserving CRAT table memory at [mem 0xbafad000-0xbafadee7]
[    0.004974] ACPI: Reserving CDIT table memory at [mem 0xbafac000-0xbafac028]
[    0.004975] ACPI: Reserving SSDT table memory at [mem 0xbafab000-0xbafab0d8]
[    0.004976] ACPI: Reserving SSDT table memory at [mem 0xbafa9000-0xbafaa597]
[    0.004976] ACPI: Reserving SSDT table memory at [mem 0xbafa7000-0xbafa856c]
[    0.004977] ACPI: Reserving SSDT table memory at [mem 0xbafa6000-0xbafa6756]
[    0.004978] ACPI: Reserving SSDT table memory at [mem 0xbafa4000-0xbafa5a63]
[    0.004979] ACPI: Reserving SSDT table memory at [mem 0xbaf9c000-0xbafa3bbe]
[    0.004979] ACPI: Reserving FPDT table memory at [mem 0xbaf9b000-0xbaf9b043]
[    0.004980] ACPI: Reserving WSMT table memory at [mem 0xbaf99000-0xbaf99027]
[    0.004981] ACPI: Reserving SSDT table memory at [mem 0xbafe4000-0xbafe5e7e]
[    0.004982] ACPI: Reserving SSDT table memory at [mem 0xbaf98000-0xbaf98755]
[    0.004982] ACPI: Reserving SSDT table memory at [mem 0xbaf97000-0xbaf97755]
[    0.004983] ACPI: Reserving SSDT table memory at [mem 0xbaf96000-0xbaf96709]
[    0.004984] ACPI: Reserving SSDT table memory at [mem 0xbaf94000-0xbaf95039]
[    0.004985] ACPI: Reserving SSDT table memory at [mem 0xbaf8c000-0xbaf93535]
[    0.004986] ACPI: Reserving SSDT table memory at [mem 0xbaf86000-0xbaf8acb6]
[    0.004986] ACPI: Reserving SSDT table memory at [mem 0xbafc4000-0xbafc4fac]
[    0.004987] ACPI: Reserving SSDT table memory at [mem 0xbaf85000-0xbaf85749]
[    0.004988] ACPI: Reserving SSDT table memory at [mem 0xbaf84000-0xbaf8408c]
[    0.004989] ACPI: Reserving SSDT table memory at [mem 0xbaf82000-0xbaf8321c]
[    0.004989] ACPI: Reserving BGRT table memory at [mem 0xbaf9a000-0xbaf9a037]
[    0.005189] No NUMA configuration found
[    0.005190] Faking a node at [mem 0x0000000000000000-0x000000081e2fffff]
[    0.005198] NODE_DATA(0) allocated [mem 0x81e2d5000-0x81e2fffff]
[    0.005482] Zone ranges:
[    0.005483]   DMA      [mem 0x0000000000001000-0x0000000000ffffff]
[    0.005484]   DMA32    [mem 0x0000000001000000-0x00000000ffffffff]
[    0.005485]   Normal   [mem 0x0000000100000000-0x000000081e2fffff]
[    0.005486]   Device   empty
[    0.005487] Movable zone start for each node
[    0.005489] Early memory node ranges
[    0.005490]   node   0: [mem 0x0000000000001000-0x000000000009efff]
[    0.005491]   node   0: [mem 0x0000000000100000-0x0000000009afffff]
[    0.005492]   node   0: [mem 0x0000000009e00000-0x0000000009efffff]
[    0.005492]   node   0: [mem 0x0000000009f14000-0x000000009fffefff]
[    0.005493]   node   0: [mem 0x00000000a0000000-0x00000000a2364fff]
[    0.005494]   node   0: [mem 0x00000000a4565000-0x00000000a456cfff]
[    0.005494]   node   0: [mem 0x00000000a4570000-0x00000000b077efff]
[    0.005495]   node   0: [mem 0x00000000bafff000-0x00000000baffffff]
[    0.005496]   node   0: [mem 0x0000000100000000-0x000000081e2fffff]
[    0.005499] Initmem setup node 0 [mem 0x0000000000001000-0x000000081e2fffff]
[    0.005503] On node 0, zone DMA: 1 pages in unavailable ranges
[    0.005524] On node 0, zone DMA: 97 pages in unavailable ranges
[    0.005703] On node 0, zone DMA32: 768 pages in unavailable ranges
[    0.008920] On node 0, zone DMA32: 20 pages in unavailable ranges
[    0.008973] On node 0, zone DMA32: 1 pages in unavailable ranges
[    0.009051] On node 0, zone DMA32: 8704 pages in unavailable ranges
[    0.009336] On node 0, zone DMA32: 3 pages in unavailable ranges
[    0.009724] On node 0, zone DMA32: 43136 pages in unavailable ranges
[    0.051895] On node 0, zone Normal: 20480 pages in unavailable ranges
[    0.051967] On node 0, zone Normal: 7424 pages in unavailable ranges
[    0.052270] ACPI: PM-Timer IO Port: 0x408
[    0.052278] ACPI: LAPIC_NMI (acpi_id[0x00] high edge lint[0x1])
[    0.052279] ACPI: LAPIC_NMI (acpi_id[0x01] high edge lint[0x1])
[    0.052280] ACPI: LAPIC_NMI (acpi_id[0x02] high edge lint[0x1])
[    0.052280] ACPI: LAPIC_NMI (acpi_id[0x03] high edge lint[0x1])
[    0.052281] ACPI: LAPIC_NMI (acpi_id[0x04] high edge lint[0x1])
[    0.052282] ACPI: LAPIC_NMI (acpi_id[0x05] high edge lint[0x1])
[    0.052282] ACPI: LAPIC_NMI (acpi_id[0x06] high edge lint[0x1])
[    0.052283] ACPI: LAPIC_NMI (acpi_id[0x07] high edge lint[0x1])
[    0.052284] ACPI: LAPIC_NMI (acpi_id[0x08] high edge lint[0x1])
[    0.052284] ACPI: LAPIC_NMI (acpi_id[0x09] high edge lint[0x1])
[    0.052285] ACPI: LAPIC_NMI (acpi_id[0x0a] high edge lint[0x1])
[    0.052285] ACPI: LAPIC_NMI (acpi_id[0x0b] high edge lint[0x1])
[    0.052286] ACPI: LAPIC_NMI (acpi_id[0x0c] high edge lint[0x1])
[    0.052287] ACPI: LAPIC_NMI (acpi_id[0x0d] high edge lint[0x1])
[    0.052287] ACPI: LAPIC_NMI (acpi_id[0x0e] high edge lint[0x1])
[    0.052288] ACPI: LAPIC_NMI (acpi_id[0x0f] high edge lint[0x1])
[    0.052301] IOAPIC[0]: apic_id 33, version 33, address 0xfec00000, GSI 0-23
[    0.052306] IOAPIC[1]: apic_id 34, version 33, address 0xfec01000, GSI 24-55
[    0.052308] ACPI: INT_SRC_OVR (bus 0 bus_irq 0 global_irq 2 dfl dfl)
[    0.052309] ACPI: INT_SRC_OVR (bus 0 bus_irq 9 global_irq 9 low level)
[    0.052313] ACPI: Using ACPI (MADT) for SMP configuration information
[    0.052314] ACPI: HPET id: 0x10228210 base: 0xfed00000
[    0.052321] e820: update [mem 0xabd78000-0xabdb9fff] usable ==> reserved
[    0.052334] smpboot: Allowing 16 CPUs, 0 hotplug CPUs
[    0.052359] PM: hibernation: Registered nosave memory: [mem 0x00000000-0x00000fff]
[    0.052361] PM: hibernation: Registered nosave memory: [mem 0x0009f000-0x000bffff]
[    0.052362] PM: hibernation: Registered nosave memory: [mem 0x000c0000-0x000fffff]
[    0.052363] PM: hibernation: Registered nosave memory: [mem 0x09b00000-0x09dfffff]
[    0.052365] PM: hibernation: Registered nosave memory: [mem 0x09f00000-0x09f13fff]
[    0.052366] PM: hibernation: Registered nosave memory: [mem 0x9b339000-0x9b339fff]
[    0.052368] PM: hibernation: Registered nosave memory: [mem 0x9b35d000-0x9b35dfff]
[    0.052369] PM: hibernation: Registered nosave memory: [mem 0x9ffff000-0x9fffffff]
[    0.052371] PM: hibernation: Registered nosave memory: [mem 0xa0413000-0xa0413fff]
[    0.052373] PM: hibernation: Registered nosave memory: [mem 0xa041d000-0xa041dfff]
[    0.052374] PM: hibernation: Registered nosave memory: [mem 0xa2365000-0xa4564fff]
[    0.052376] PM: hibernation: Registered nosave memory: [mem 0xa456d000-0xa456ffff]
[    0.052377] PM: hibernation: Registered nosave memory: [mem 0xabd78000-0xabdb9fff]
[    0.052379] PM: hibernation: Registered nosave memory: [mem 0xabe68000-0xabe68fff]
[    0.052381] PM: hibernation: Registered nosave memory: [mem 0xb077f000-0xb2f7efff]
[    0.052381] PM: hibernation: Registered nosave memory: [mem 0xb2f7f000-0xbaf7efff]
[    0.052382] PM: hibernation: Registered nosave memory: [mem 0xbaf7f000-0xbaffefff]
[    0.052383] PM: hibernation: Registered nosave memory: [mem 0xbb000000-0xbbffffff]
[    0.052384] PM: hibernation: Registered nosave memory: [mem 0xbc000000-0xbd7fffff]
[    0.052384] PM: hibernation: Registered nosave memory: [mem 0xbd800000-0xbfffffff]
[    0.052385] PM: hibernation: Registered nosave memory: [mem 0xc0000000-0xfddfffff]
[    0.052386] PM: hibernation: Registered nosave memory: [mem 0xfde00000-0xfdefffff]
[    0.052386] PM: hibernation: Registered nosave memory: [mem 0xfdf00000-0xfed7ffff]
[    0.052387] PM: hibernation: Registered nosave memory: [mem 0xfed80000-0xfed80fff]
[    0.052387] PM: hibernation: Registered nosave memory: [mem 0xfed81000-0xfeffffff]
[    0.052388] PM: hibernation: Registered nosave memory: [mem 0xff000000-0xffffffff]
[    0.052389] [mem 0xc0000000-0xfddfffff] available for PCI devices
[    0.052390] Booting paravirtualized kernel on bare hardware
[    0.052393] clocksource: refined-jiffies: mask: 0xffffffff max_cycles: 0xffffffff, max_idle_ns: 7645519600211568 ns
[    0.052400] setup_percpu: NR_CPUS:8192 nr_cpumask_bits:16 nr_cpu_ids:16 nr_node_ids:1
[    0.052783] percpu: Embedded 61 pages/cpu s212992 r8192 d28672 u262144
[    0.052791] pcpu-alloc: s212992 r8192 d28672 u262144 alloc=1*2097152
[    0.052792] pcpu-alloc: [0] 00 01 02 03 04 05 06 07 [0] 08 09 10 11 12 13 14 15 
[    0.052827] Fallback order for Node 0: 0 
[    0.052830] Built 1 zonelists, mobility grouping on.  Total pages: 8048978
[    0.052831] Policy zone: Normal
[    0.052832] Kernel command line: BOOT_IMAGE=/boot/vmlinuz-5.19.0-40-generic root=UUID=5fd09937-c65b-47f8-9cc4-b636b41c3c96 ro quiet splash vt.handoff=7
[    0.052891] Unknown kernel command line parameters "splash BOOT_IMAGE=/boot/vmlinuz-5.19.0-40-generic", will be passed to user space.
[    0.054975] Dentry cache hash table entries: 4194304 (order: 13, 33554432 bytes, linear)
[    0.056029] Inode-cache hash table entries: 2097152 (order: 12, 16777216 bytes, linear)
[    0.056084] mem auto-init: stack:all(zero), heap alloc:on, heap free:off
[    0.108251] Memory: 31826964K/32707608K available (18440K kernel code, 4057K rwdata, 11264K rodata, 3160K init, 4908K bss, 880384K reserved, 0K cma-reserved)
[    0.108360] SLUB: HWalign=64, Order=0-3, MinObjects=0, CPUs=16, Nodes=1
[    0.108370] ftrace: allocating 52070 entries in 204 pages
[    0.118221] ftrace: allocated 204 pages with 4 groups
[    0.118863] Dynamic Preempt: voluntary
[    0.118897] rcu: Preemptible hierarchical RCU implementation.
[    0.118897] rcu: 	RCU restricting CPUs from NR_CPUS=8192 to nr_cpu_ids=16.
[    0.118898] 	Trampoline variant of Tasks RCU enabled.
[    0.118899] 	Rude variant of Tasks RCU enabled.
[    0.118899] 	Tracing variant of Tasks RCU enabled.
[    0.118900] rcu: RCU calculated value of scheduler-enlistment delay is 25 jiffies.
[    0.118900] rcu: Adjusting geometry for rcu_fanout_leaf=16, nr_cpu_ids=16
[    0.122082] NR_IRQS: 524544, nr_irqs: 1096, preallocated irqs: 16
[    0.122258] rcu: srcu_init: Setting srcu_struct sizes based on contention.
[    0.122494] Console: colour dummy device 80x25
[    0.122514] printk: console [tty0] enabled
[    0.122532] ACPI: Core revision 20220331
[    0.122861] clocksource: hpet: mask: 0xffffffff max_cycles: 0xffffffff, max_idle_ns: 133484873504 ns
[    0.122877] APIC: Switch to symmetric I/O mode setup
[    0.123775] AMD-Vi: ivrs, add hid:AMDI0020, uid:\_SB.FUR0, rdevid:160
[    0.123777] AMD-Vi: ivrs, add hid:AMDI0020, uid:\_SB.FUR1, rdevid:160
[    0.123778] AMD-Vi: ivrs, add hid:AMDI0020, uid:\_SB.FUR2, rdevid:160
[    0.123778] AMD-Vi: ivrs, add hid:AMDI0020, uid:\_SB.FUR3, rdevid:160
[    0.124075] x2apic: IRQ remapping doesn't support X2APIC mode
[    0.124080] Switched APIC routing to physical flat.
[    0.124804] ..TIMER: vector=0x30 apic1=0 pin1=2 apic2=-1 pin2=-1
[    0.142883] clocksource: tsc-early: mask: 0xffffffffffffffff max_cycles: 0x2e0a053e542, max_idle_ns: 440795280275 ns
[    0.142889] Calibrating delay loop (skipped), value calculated using timer frequency.. 6387.93 BogoMIPS (lpj=12775860)
[    0.142891] pid_max: default: 32768 minimum: 301
[    0.146904] LSM: Security Framework initializing
[    0.146912] landlock: Up and running.
[    0.146913] Yama: becoming mindful.
[    0.146932] AppArmor: AppArmor initialized
[    0.146981] Mount-cache hash table entries: 65536 (order: 7, 524288 bytes, linear)
[    0.147017] Mountpoint-cache hash table entries: 65536 (order: 7, 524288 bytes, linear)
[    0.150984] x86/cpu: User Mode Instruction Prevention (UMIP) activated
[    0.151005] LVT offset 1 assigned for vector 0xf9
[    0.151073] LVT offset 2 assigned for vector 0xf4
[    0.151090] Last level iTLB entries: 4KB 512, 2MB 512, 4MB 256
[    0.151091] Last level dTLB entries: 4KB 2048, 2MB 2048, 4MB 1024, 1GB 0
[    0.151094] Spectre V1 : Mitigation: usercopy/swapgs barriers and __user pointer sanitization
[    0.151095] Spectre V2 : Mitigation: Retpolines
[    0.151096] Spectre V2 : Spectre v2 / SpectreRSB mitigation: Filling RSB on context switch
[    0.151097] Spectre V2 : Spectre v2 / SpectreRSB : Filling RSB on VMEXIT
[    0.151097] Spectre V2 : Enabling Restricted Speculation for firmware calls
[    0.151098] Spectre V2 : mitigation: Enabling conditional Indirect Branch Prediction Barrier
[    0.151099] Spectre V2 : User space: Mitigation: STIBP always-on protection
[    0.151100] Speculative Store Bypass: Mitigation: Speculative Store Bypass disabled via prctl
[    0.169465] Freeing SMP alternatives memory: 44K
[    0.278638] smpboot: CPU0: AMD Ryzen 7 6800H with Radeon Graphics (family: 0x19, model: 0x44, stepping: 0x1)
[    0.278727] cblist_init_generic: Setting adjustable number of callback queues.
[    0.278730] cblist_init_generic: Setting shift to 4 and lim to 1.
[    0.278742] cblist_init_generic: Setting shift to 4 and lim to 1.
[    0.278752] cblist_init_generic: Setting shift to 4 and lim to 1.
[    0.278764] Performance Events: Fam17h+ core perfctr, AMD PMU driver.
[    0.278768] ... version:                0
[    0.278769] ... bit width:              48
[    0.278770] ... generic registers:      6
[    0.278770] ... value mask:             0000ffffffffffff
[    0.278771] ... max period:             00007fffffffffff
[    0.278772] ... fixed-purpose events:   0
[    0.278772] ... event mask:             000000000000003f
[    0.278824] rcu: Hierarchical SRCU implementation.
[    0.278825] rcu: 	Max phase no-delay instances is 1000.
[    0.278886] NMI watchdog: Enabled. Permanently consumes one hw-PMU counter.
[    0.278886] smp: Bringing up secondary CPUs ...
[    0.278886] x86: Booting SMP configuration:
[    0.278886] .... node  #0, CPUs:        #1
[    0.278886] Spectre V2 : Update user space SMT mitigation: STIBP always-on
[    0.278886]   #2  #3  #4  #5  #6  #7  #8  #9 #10 #11 #12 #13 #14 #15
[    0.309043] smp: Brought up 1 node, 16 CPUs
[    0.309043] smpboot: Max logical packages: 1
[    0.309043] smpboot: Total of 16 processors activated (102206.88 BogoMIPS)
[    0.311256] devtmpfs: initialized
[    0.311256] x86/mm: Memory block size: 128MB
[    0.311906] ACPI: PM: Registering ACPI NVS region [mem 0x09f00000-0x09f13fff] (81920 bytes)
[    0.311906] ACPI: PM: Registering ACPI NVS region [mem 0xb2f7f000-0xbaf7efff] (134217728 bytes)
[    0.311906] clocksource: jiffies: mask: 0xffffffff max_cycles: 0xffffffff, max_idle_ns: 7645041785100000 ns
[    0.311906] futex hash table entries: 4096 (order: 6, 262144 bytes, linear)
[    0.311906] pinctrl core: initialized pinctrl subsystem
[    0.311938] PM: RTC time: 19:28:58, date: 2023-04-26
[    0.312757] NET: Registered PF_NETLINK/PF_ROUTE protocol family
[    0.312942] DMA: preallocated 4096 KiB GFP_KERNEL pool for atomic allocations
[    0.313113] DMA: preallocated 4096 KiB GFP_KERNEL|GFP_DMA pool for atomic allocations
[    0.315044] DMA: preallocated 4096 KiB GFP_KERNEL|GFP_DMA32 pool for atomic allocations
[    0.315050] audit: initializing netlink subsys (disabled)
[    0.315055] audit: type=2000 audit(1682537338.192:1): state=initialized audit_enabled=0 res=1
[    0.315055] thermal_sys: Registered thermal governor 'fair_share'
[    0.315055] thermal_sys: Registered thermal governor 'bang_bang'
[    0.315055] thermal_sys: Registered thermal governor 'step_wise'
[    0.315055] thermal_sys: Registered thermal governor 'user_space'
[    0.315055] thermal_sys: Registered thermal governor 'power_allocator'
[    0.315055] EISA bus registered
[    0.315055] cpuidle: using governor ladder
[    0.315055] cpuidle: using governor menu
[    0.315055] Simple Boot Flag at 0x44 set to 0x1
[    0.315055] HugeTLB: can optimize 4095 vmemmap pages for hugepages-1048576kB
[    0.315055] acpiphp: ACPI Hot Plug PCI Controller Driver version: 0.5
[    0.315055] PCI: MMCONFIG for domain 0000 [bus 00-ff] at [mem 0xe0000000-0xefffffff] (base 0xe0000000)
[    0.315055] PCI: not using MMCONFIG
[    0.315055] PCI: Using configuration type 1 for base access
[    0.315055] PCI: Using configuration type 1 for extended access
[    0.315837] kprobes: kprobe jump-optimization is enabled. All kprobes are optimized if possible.
[    0.315842] HugeTLB: can optimize 7 vmemmap pages for hugepages-2048kB
[    0.315842] HugeTLB registered 1.00 GiB page size, pre-allocated 0 pages
[    0.315842] HugeTLB registered 2.00 MiB page size, pre-allocated 0 pages
[    0.315842] ACPI: Added _OSI(Module Device)
[    0.315842] ACPI: Added _OSI(Processor Device)
[    0.315842] ACPI: Added _OSI(3.0 _SCP Extensions)
[    0.315842] ACPI: Added _OSI(Processor Aggregator Device)
[    0.315842] ACPI: Added _OSI(Linux-Dell-Video)
[    0.315842] ACPI: Added _OSI(Linux-Lenovo-NV-HDMI-Audio)
[    0.315842] ACPI: Added _OSI(Linux-HPI-Hybrid-Graphics)
[    0.331317] ACPI BIOS Error (bug): Could not resolve symbol [\_SB.PCI0.PB2], AE_NOT_FOUND (20220331/dswload2-162)
[    0.331323] fbcon: Taking over console
[    0.331334] ACPI Error: AE_NOT_FOUND, During name lookup/catalog (20220331/psobject-220)
[    0.331336] ACPI: Skipping parse of AML opcode: Scope (0x0010)
[    0.331401] ACPI BIOS Error (bug): Could not resolve symbol [\_SB.PCI0.PB2], AE_NOT_FOUND (20220331/dswload2-162)
[    0.331405] ACPI Error: AE_NOT_FOUND, During name lookup/catalog (20220331/psobject-220)
[    0.331406] ACPI: Skipping parse of AML opcode: Scope (0x0010)
[    0.335766] ACPI: 28 ACPI AML tables successfully acquired and loaded
[    0.337500] ACPI: [Firmware Bug]: BIOS _OSI(Linux) query ignored
[    0.343166] ACPI: USB4 _OSC: OS supports USB3+ DisplayPort+ PCIe+ XDomain+
[    0.343167] ACPI: USB4 _OSC: OS controls USB3+ DisplayPort+ PCIe+ XDomain+
[    0.343643] ACPI: EC: EC started
[    0.343643] ACPI: EC: interrupt blocked
[    2.400891] ACPI: EC: EC_CMD/EC_SC=0x66, EC_DATA=0x62
[    2.400893] ACPI: \_SB_.PCI0.LPC0.EC0_: Boot DSDT EC used to handle transactions
[    2.400894] ACPI: Interpreter enabled
[    2.400907] ACPI: PM: (supports S0 S4 S5)
[    2.400908] ACPI: Using IOAPIC for interrupt routing
[    2.401130] PCI: MMCONFIG for domain 0000 [bus 00-ff] at [mem 0xe0000000-0xefffffff] (base 0xe0000000)
[    2.404682] [Firmware Info]: PCI: MMCONFIG at [mem 0xe0000000-0xefffffff] not reserved in ACPI motherboard resources
[    2.404683] PCI: not using MMCONFIG
[    2.404686] PCI: Using host bridge windows from ACPI; if necessary, use "pci=nocrs" and report a bug
[    2.404687] PCI: Using E820 reservations for host bridge windows
[    2.405055] ACPI: Enabled 2 GPEs in block 00 to 1F
[    2.405798] ACPI: PM: Power Resource [PG00]
[    2.406263] ACPI: PM: Power Resource [P0NV]
[    2.406872] ACPI: PM: Power Resource [WRST]
[    2.407071] ACPI: PM: Power Resource [P0NV]
[    2.407695] ACPI: PM: Power Resource [PWRS]
[    2.407969] ACPI: PM: Power Resource [PWRS]
[    2.408131] ACPI: PM: Power Resource [PWRS]
[    2.408305] ACPI: PM: Power Resource [PWRS]
[    2.408519] ACPI: PM: Power Resource [PWRS]
[    2.408807] ACPI: PM: Power Resource [PWRS]
[    2.409099] ACPI: PM: Power Resource [PWRS]
[    2.409336] ACPI: PM: Power Resource [PWRS]
[    2.409981] ACPI: PM: Power Resource [PWRS]
[    2.410283] ACPI: PM: Power Resource [BTPR]
[    2.410427] ACPI: PM: Power Resource [P0S0]
[    2.410442] ACPI: PM: Power Resource [P3S0]
[    2.410759] ACPI: PM: Power Resource [PWRS]
[    2.411111] ACPI: PM: Power Resource [PWRS]
[    2.411378] ACPI: PM: Power Resource [PWRS]
[    2.411745] ACPI: PM: Power Resource [PWRS]
[    2.412026] ACPI: PM: Power Resource [PWRS]
[    2.417714] ACPI: PCI Root Bridge [PCI0] (domain 0000 [bus 00-ff])
[    2.417718] acpi PNP0A08:00: _OSC: OS supports [ExtendedConfig ASPM ClockPM Segments MSI EDR HPX-Type3]
[    2.417821] acpi PNP0A08:00: _OSC: platform does not support [SHPCHotplug AER]
[    2.418011] acpi PNP0A08:00: _OSC: OS now controls [PCIeHotplug PME PCIeCapability LTR DPC]
[    2.418310] PCI host bridge to bus 0000:00
[    2.418311] pci_bus 0000:00: root bus resource [io  0x0000-0x0cf7 window]
[    2.418312] pci_bus 0000:00: root bus resource [io  0x0d00-0xffff window]
[    2.418313] pci_bus 0000:00: root bus resource [mem 0x000a0000-0x000bffff window]
[    2.418314] pci_bus 0000:00: root bus resource [mem 0x000c0000-0x000cffff window]
[    2.418315] pci_bus 0000:00: root bus resource [mem 0x000d0000-0x000effff window]
[    2.418315] pci_bus 0000:00: root bus resource [mem 0xc0000000-0xdfffffff window]
[    2.418316] pci_bus 0000:00: root bus resource [mem 0xf0000000-0xfeafffff window]
[    2.418317] pci_bus 0000:00: root bus resource [mem 0xfed45000-0xfed814ff window]
[    2.418317] pci_bus 0000:00: root bus resource [mem 0xfed81900-0xfed81fff window]
[    2.418318] pci_bus 0000:00: root bus resource [mem 0xfedc0000-0xfedc0fff window]
[    2.418319] pci_bus 0000:00: root bus resource [mem 0xfedc6000-0xfedc6fff window]
[    2.418319] pci_bus 0000:00: root bus resource [mem 0x860200000-0x80ffffffff window]
[    2.418320] pci_bus 0000:00: root bus resource [bus 00-ff]
[    2.418329] pci 0000:00:00.0: [1022:14b5] type 00 class 0x060000
[    2.418389] pci 0000:00:00.2: [1022:14b6] type 00 class 0x080600
[    2.418446] pci 0000:00:01.0: [1022:14b7] type 00 class 0x060000
[    2.418484] pci 0000:00:01.1: [1022:14b8] type 01 class 0x060400
[    2.418551] pci 0000:00:01.1: PME# supported from D0 D3hot D3cold
[    2.418631] pci 0000:00:01.2: [1022:14b8] type 01 class 0x060400
[    2.418695] pci 0000:00:01.2: PME# supported from D0 D3hot D3cold
[    2.418771] pci 0000:00:02.0: [1022:14b7] type 00 class 0x060000
[    2.418817] pci 0000:00:02.2: [1022:14ba] type 01 class 0x060400
[    2.418911] pci 0000:00:02.2: PME# supported from D0 D3hot D3cold
[    2.419009] pci 0000:00:02.3: [1022:14ba] type 01 class 0x060400
[    2.419100] pci 0000:00:02.3: PME# supported from D0 D3hot D3cold
[    2.419188] pci 0000:00:02.4: [1022:14ba] type 01 class 0x060400
[    2.419278] pci 0000:00:02.4: PME# supported from D0 D3hot D3cold
[    2.419366] pci 0000:00:03.0: [1022:14b7] type 00 class 0x060000
[    2.419414] pci 0000:00:04.0: [1022:14b7] type 00 class 0x060000
[    2.419463] pci 0000:00:08.0: [1022:14b7] type 00 class 0x060000
[    2.419501] pci 0000:00:08.1: [1022:14b9] type 01 class 0x060400
[    2.419523] pci 0000:00:08.1: enabling Extended Tags
[    2.419557] pci 0000:00:08.1: PME# supported from D0 D3hot D3cold
[    2.419622] pci 0000:00:08.3: [1022:14b9] type 01 class 0x060400
[    2.419643] pci 0000:00:08.3: enabling Extended Tags
[    2.419679] pci 0000:00:08.3: PME# supported from D0 D3hot D3cold
[    2.419847] pci 0000:00:14.0: [1022:790b] type 00 class 0x0c0500
[    2.419946] pci 0000:00:14.3: [1022:790e] type 00 class 0x060100
[    2.420048] pci 0000:00:18.0: [1022:1679] type 00 class 0x060000
[    2.420067] pci 0000:00:18.1: [1022:167a] type 00 class 0x060000
[    2.420086] pci 0000:00:18.2: [1022:167b] type 00 class 0x060000
[    2.420105] pci 0000:00:18.3: [1022:167c] type 00 class 0x060000
[    2.420125] pci 0000:00:18.4: [1022:167d] type 00 class 0x060000
[    2.420144] pci 0000:00:18.5: [1022:167e] type 00 class 0x060000
[    2.420163] pci 0000:00:18.6: [1022:167f] type 00 class 0x060000
[    2.420182] pci 0000:00:18.7: [1022:1680] type 00 class 0x060000
[    2.420252] pci 0000:01:00.0: [10de:24dd] type 00 class 0x030000
[    2.420261] pci 0000:01:00.0: reg 0x10: [mem 0xc0000000-0xc0ffffff]
[    2.420269] pci 0000:01:00.0: reg 0x14: [mem 0x7e00000000-0x7fffffffff 64bit pref]
[    2.420276] pci 0000:01:00.0: reg 0x1c: [mem 0x8000000000-0x8001ffffff 64bit pref]
[    2.420281] pci 0000:01:00.0: reg 0x24: [io  0x3000-0x307f]
[    2.420285] pci 0000:01:00.0: reg 0x30: [mem 0xfff80000-0xffffffff pref]
[    2.420297] pci 0000:01:00.0: BAR 1: assigned to efifb
[    2.420335] pci 0000:01:00.0: PME# supported from D0 D3hot
[    2.420401] pci 0000:01:00.0: 126.024 Gb/s available PCIe bandwidth, limited by 16.0 GT/s PCIe x8 link at 0000:00:01.1 (capable of 252.048 Gb/s with 16.0 GT/s PCIe x16 link)
[    2.420515] pci 0000:01:00.1: [10de:228b] type 00 class 0x040300
[    2.420523] pci 0000:01:00.1: reg 0x10: [mem 0xc1000000-0xc1003fff]
[    2.420621] pci 0000:00:01.1: PCI bridge to [bus 01]
[    2.420623] pci 0000:00:01.1:   bridge window [io  0x3000-0x3fff]
[    2.420625] pci 0000:00:01.1:   bridge window [mem 0xc0000000-0xc10fffff]
[    2.420628] pci 0000:00:01.1:   bridge window [mem 0x7e00000000-0x8001ffffff 64bit pref]
[    2.420772] pci 0000:02:00.0: [15b7:501a] type 00 class 0x010802
[    2.420786] pci 0000:02:00.0: reg 0x10: [mem 0xc1b00000-0xc1b03fff 64bit]
[    2.420806] pci 0000:02:00.0: reg 0x20: [mem 0xc1b04000-0xc1b040ff 64bit]
[    2.420957] pci 0000:00:01.2: PCI bridge to [bus 02]
[    2.420961] pci 0000:00:01.2:   bridge window [mem 0xc1b00000-0xc1bfffff]
[    2.421012] pci 0000:03:00.0: [14c3:0616] type 00 class 0x028000
[    2.421030] pci 0000:03:00.0: reg 0x10: [mem 0x8002000000-0x80020fffff 64bit pref]
[    2.421042] pci 0000:03:00.0: reg 0x18: [mem 0xc1a00000-0xc1a07fff 64bit]
[    2.421126] pci 0000:03:00.0: PME# supported from D0 D3hot D3cold
[    2.421255] pci 0000:00:02.2: PCI bridge to [bus 03]
[    2.421260] pci 0000:00:02.2:   bridge window [mem 0xc1a00000-0xc1afffff]
[    2.421263] pci 0000:00:02.2:   bridge window [mem 0x8002000000-0x80020fffff 64bit pref]
[    2.421316] pci 0000:04:00.0: [10ec:8168] type 00 class 0x020000
[    2.421333] pci 0000:04:00.0: reg 0x10: [io  0x2000-0x20ff]
[    2.421355] pci 0000:04:00.0: reg 0x18: [mem 0xc1904000-0xc1904fff 64bit]
[    2.421368] pci 0000:04:00.0: reg 0x20: [mem 0xc1900000-0xc1903fff 64bit]
[    2.421458] pci 0000:04:00.0: supports D1 D2
[    2.421459] pci 0000:04:00.0: PME# supported from D0 D1 D2 D3hot D3cold
[    2.421594] pci 0000:00:02.3: PCI bridge to [bus 04]
[    2.421597] pci 0000:00:02.3:   bridge window [io  0x2000-0x2fff]
[    2.421599] pci 0000:00:02.3:   bridge window [mem 0xc1900000-0xc19fffff]
[    2.421874] pci 0000:05:00.0: [144d:a80a] type 00 class 0x010802
[    2.421890] pci 0000:05:00.0: reg 0x10: [mem 0xc1800000-0xc1803fff 64bit]
[    2.422115] pci 0000:00:02.4: PCI bridge to [bus 05]
[    2.422120] pci 0000:00:02.4:   bridge window [mem 0xc1800000-0xc18fffff]
[    2.422183] pci 0000:06:00.0: [1002:1681] type 00 class 0x030000
[    2.422192] pci 0000:06:00.0: reg 0x10: [mem 0x8010000000-0x801fffffff 64bit pref]
[    2.422198] pci 0000:06:00.0: reg 0x18: [mem 0x8020000000-0x80201fffff 64bit pref]
[    2.422202] pci 0000:06:00.0: reg 0x20: [io  0x1000-0x10ff]
[    2.422206] pci 0000:06:00.0: reg 0x24: [mem 0xc1700000-0xc177ffff]
[    2.422212] pci 0000:06:00.0: enabling Extended Tags
[    2.422264] pci 0000:06:00.0: PME# supported from D1 D2 D3hot D3cold
[    2.422336] pci 0000:06:00.2: [1022:1649] type 00 class 0x108000
[    2.422406] pci 0000:06:00.2: reg 0x18: [mem 0xc1600000-0xc16fffff]
[    2.422415] pci 0000:06:00.2: reg 0x24: [mem 0xc17c8000-0xc17c9fff]
[    2.422422] pci 0000:06:00.2: enabling Extended Tags
[    2.422499] pci 0000:06:00.3: [1022:161d] type 00 class 0x0c0330
[    2.422510] pci 0000:06:00.3: reg 0x10: [mem 0xc1400000-0xc14fffff 64bit]
[    2.422535] pci 0000:06:00.3: enabling Extended Tags
[    2.422568] pci 0000:06:00.3: PME# supported from D0 D3hot D3cold
[    2.422620] pci 0000:06:00.4: [1022:161e] type 00 class 0x0c0330
[    2.422631] pci 0000:06:00.4: reg 0x10: [mem 0xc1500000-0xc15fffff 64bit]
[    2.422656] pci 0000:06:00.4: enabling Extended Tags
[    2.422688] pci 0000:06:00.4: PME# supported from D0 D3hot D3cold
[    2.422738] pci 0000:06:00.5: [1022:15e2] type 00 class 0x048000
[    2.422745] pci 0000:06:00.5: reg 0x10: [mem 0xc1780000-0xc17bffff]
[    2.422766] pci 0000:06:00.5: enabling Extended Tags
[    2.422797] pci 0000:06:00.5: PME# supported from D0 D3hot D3cold
[    2.422842] pci 0000:06:00.6: [1022:15e3] type 00 class 0x040300
[    2.422849] pci 0000:06:00.6: reg 0x10: [mem 0xc17c0000-0xc17c7fff]
[    2.422870] pci 0000:06:00.6: enabling Extended Tags
[    2.422903] pci 0000:06:00.6: PME# supported from D0 D3hot D3cold
[    2.422973] pci 0000:00:08.1: PCI bridge to [bus 06]
[    2.422975] pci 0000:00:08.1:   bridge window [io  0x1000-0x1fff]
[    2.422977] pci 0000:00:08.1:   bridge window [mem 0xc1400000-0xc17fffff]
[    2.422980] pci 0000:00:08.1:   bridge window [mem 0x8010000000-0x80201fffff 64bit pref]
[    2.423026] pci 0000:07:00.0: [1022:161f] type 00 class 0x0c0330
[    2.423041] pci 0000:07:00.0: reg 0x10: [mem 0xc1100000-0xc11fffff 64bit]
[    2.423070] pci 0000:07:00.0: enabling Extended Tags
[    2.423111] pci 0000:07:00.0: PME# supported from D0 D3hot D3cold
[    2.423176] pci 0000:07:00.3: [1022:15d6] type 00 class 0x0c0330
[    2.423186] pci 0000:07:00.3: reg 0x10: [mem 0xc1200000-0xc12fffff 64bit]
[    2.423210] pci 0000:07:00.3: enabling Extended Tags
[    2.423243] pci 0000:07:00.3: PME# supported from D0 D3hot D3cold
[    2.423292] pci 0000:07:00.4: [1022:15d7] type 00 class 0x0c0330
[    2.423303] pci 0000:07:00.4: reg 0x10: [mem 0xc1300000-0xc13fffff 64bit]
[    2.423327] pci 0000:07:00.4: enabling Extended Tags
[    2.423360] pci 0000:07:00.4: PME# supported from D0 D3hot D3cold
[    2.423419] pci 0000:00:08.3: PCI bridge to [bus 07]
[    2.423423] pci 0000:00:08.3:   bridge window [mem 0xc1100000-0xc13fffff]
[    2.425891] ACPI: PCI: Interrupt link LNKA configured for IRQ 0
[    2.425892] ACPI: PCI: Interrupt link LNKA disabled
[    2.426030] ACPI: PCI: Interrupt link LNKB configured for IRQ 0
[    2.426030] ACPI: PCI: Interrupt link LNKB disabled
[    2.426155] ACPI: PCI: Interrupt link LNKC configured for IRQ 0
[    2.426155] ACPI: PCI: Interrupt link LNKC disabled
[    2.426290] ACPI: PCI: Interrupt link LNKD configured for IRQ 0
[    2.426291] ACPI: PCI: Interrupt link LNKD disabled
[    2.426422] ACPI: PCI: Interrupt link LNKE configured for IRQ 0
[    2.426423] ACPI: PCI: Interrupt link LNKE disabled
[    2.426523] ACPI: PCI: Interrupt link LNKF configured for IRQ 0
[    2.426524] ACPI: PCI: Interrupt link LNKF disabled
[    2.426626] ACPI: PCI: Interrupt link LNKG configured for IRQ 0
[    2.426626] ACPI: PCI: Interrupt link LNKG disabled
[    2.426727] ACPI: PCI: Interrupt link LNKH configured for IRQ 0
[    2.426728] ACPI: PCI: Interrupt link LNKH disabled
[    2.429088] ACPI: EC: interrupt unblocked
[    2.429089] ACPI: EC: event unblocked
[    2.429096] ACPI: EC: EC_CMD/EC_SC=0x66, EC_DATA=0x62
[    2.429097] ACPI: EC: GPE=0x9
[    2.429098] ACPI: \_SB_.PCI0.LPC0.EC0_: Boot DSDT EC initialization complete
[    2.429100] ACPI: \_SB_.PCI0.LPC0.EC0_: EC: Used to handle transactions and events
[    2.429130] iommu: Default domain type: Translated 
[    2.429130] iommu: DMA domain TLB invalidation policy: lazy mode 
[    2.429130] SCSI subsystem initialized
[    2.429130] libata version 3.00 loaded.
[    2.429130] ACPI: bus type USB registered
[    2.429130] usbcore: registered new interface driver usbfs
[    2.429130] usbcore: registered new interface driver hub
[    2.429130] usbcore: registered new device driver usb
[    2.433638] pps_core: LinuxPPS API ver. 1 registered
[    2.433639] pps_core: Software ver. 5.3.6 - Copyright 2005-2007 Rodolfo Giometti <giometti@linux.it>
[    2.433641] PTP clock support registered
[    2.433650] EDAC MC: Ver: 3.0.0
[    2.433650] Registered efivars operations
[    2.433650] NetLabel: Initializing
[    2.433650] NetLabel:  domain hash size = 128
[    2.433650] NetLabel:  protocols = UNLABELED CIPSOv4 CALIPSO
[    2.433650] NetLabel:  unlabeled traffic allowed by default
[    2.433650] mctp: management component transport protocol core
[    2.433650] NET: Registered PF_MCTP protocol family
[    2.433650] PCI: Using ACPI for IRQ routing
[    2.433650] PCI: pci_cache_line_size set to 64 bytes
[    2.433650] e820: reserve RAM buffer [mem 0x0009f000-0x0009ffff]
[    2.433650] e820: reserve RAM buffer [mem 0x09b00000-0x0bffffff]
[    2.433650] e820: reserve RAM buffer [mem 0x09f00000-0x0bffffff]
[    2.433650] e820: reserve RAM buffer [mem 0x9b339018-0x9bffffff]
[    2.433650] e820: reserve RAM buffer [mem 0x9ffff000-0x9fffffff]
[    2.433650] e820: reserve RAM buffer [mem 0xa0413018-0xa3ffffff]
[    2.433650] e820: reserve RAM buffer [mem 0xa2365000-0xa3ffffff]
[    2.433650] e820: reserve RAM buffer [mem 0xa456d000-0xa7ffffff]
[    2.433650] e820: reserve RAM buffer [mem 0xabd78000-0xabffffff]
[    2.433650] e820: reserve RAM buffer [mem 0xabe68000-0xabffffff]
[    2.433650] e820: reserve RAM buffer [mem 0xb077f000-0xb3ffffff]
[    2.433650] e820: reserve RAM buffer [mem 0xbb000000-0xbbffffff]
[    2.433650] e820: reserve RAM buffer [mem 0x81e300000-0x81fffffff]
[    2.434899] pci 0000:01:00.0: vgaarb: setting as boot VGA device
[    2.434899] pci 0000:01:00.0: vgaarb: bridge control possible
[    2.434899] pci 0000:01:00.0: vgaarb: VGA device added: decodes=io+mem,owns=none,locks=none
[    2.434902] pci 0000:06:00.0: vgaarb: bridge control possible
[    2.434903] pci 0000:06:00.0: vgaarb: VGA device added: decodes=io+mem,owns=none,locks=none
[    2.434904] vgaarb: loaded
[    2.434920] hpet0: at MMIO 0xfed00000, IRQs 2, 8, 0
[    2.434923] hpet0: 3 comparators, 32-bit 14.318180 MHz counter
[    2.437317] clocksource: Switched to clocksource tsc-early
[    2.437386] VFS: Disk quotas dquot_6.6.0
[    2.437395] VFS: Dquot-cache hash table entries: 512 (order 0, 4096 bytes)
[    2.437468] AppArmor: AppArmor Filesystem Enabled
[    2.437487] pnp: PnP ACPI init
[    2.437632] system 00:00: [mem 0xfec00000-0xfec01fff] could not be reserved
[    2.437634] system 00:00: [mem 0xfee00000-0xfee00fff] has been reserved
[    2.437635] system 00:00: [mem 0xfde00000-0xfdefffff] has been reserved
[    2.438482] system 00:03: [io  0x0400-0x04cf] could not be reserved
[    2.438483] system 00:03: [io  0x04d0-0x04d1] has been reserved
[    2.438484] system 00:03: [io  0x04d6] has been reserved
[    2.438484] system 00:03: [io  0x0c00-0x0c01] has been reserved
[    2.438485] system 00:03: [io  0x0c14] has been reserved
[    2.438486] system 00:03: [io  0x0c50-0x0c52] has been reserved
[    2.438486] system 00:03: [io  0x0c6c] has been reserved
[    2.438487] system 00:03: [io  0x0c6f] has been reserved
[    2.438488] system 00:03: [io  0x0cd0-0x0cdb] has been reserved
[    2.438523] system 00:04: [mem 0x000e0000-0x000fffff] could not be reserved
[    2.438525] system 00:04: [mem 0xfe000000-0xffffffff] could not be reserved
[    2.438525] pnp: PnP ACPI: found 5 devices
[    2.442413] clocksource: acpi_pm: mask: 0xffffff max_cycles: 0xffffff, max_idle_ns: 2085701024 ns
[    2.442480] NET: Registered PF_INET protocol family
[    2.442645] IP idents hash table entries: 262144 (order: 9, 2097152 bytes, linear)
[    2.444312] tcp_listen_portaddr_hash hash table entries: 16384 (order: 6, 262144 bytes, linear)
[    2.444336] Table-perturb hash table entries: 65536 (order: 6, 262144 bytes, linear)
[    2.444480] TCP established hash table entries: 262144 (order: 9, 2097152 bytes, linear)
[    2.444653] TCP bind hash table entries: 65536 (order: 8, 1048576 bytes, linear)
[    2.444696] TCP: Hash tables configured (established 262144 bind 65536)
[    2.444789] MPTCP token hash table entries: 32768 (order: 7, 786432 bytes, linear)
[    2.444830] UDP hash table entries: 16384 (order: 7, 524288 bytes, linear)
[    2.444887] UDP-Lite hash table entries: 16384 (order: 7, 524288 bytes, linear)
[    2.444937] NET: Registered PF_UNIX/PF_LOCAL protocol family
[    2.444940] NET: Registered PF_XDP protocol family
[    2.444943] pci 0000:01:00.0: can't claim BAR 6 [mem 0xfff80000-0xffffffff pref]: no compatible bridge window
[    2.444953] pci 0000:01:00.0: BAR 6: assigned [mem 0xc1080000-0xc10fffff pref]
[    2.444954] pci 0000:00:01.1: PCI bridge to [bus 01]
[    2.444957] pci 0000:00:01.1:   bridge window [io  0x3000-0x3fff]
[    2.444959] pci 0000:00:01.1:   bridge window [mem 0xc0000000-0xc10fffff]
[    2.444961] pci 0000:00:01.1:   bridge window [mem 0x7e00000000-0x8001ffffff 64bit pref]
[    2.444964] pci 0000:00:01.2: PCI bridge to [bus 02]
[    2.444967] pci 0000:00:01.2:   bridge window [mem 0xc1b00000-0xc1bfffff]
[    2.444971] pci 0000:00:02.2: PCI bridge to [bus 03]
[    2.444974] pci 0000:00:02.2:   bridge window [mem 0xc1a00000-0xc1afffff]
[    2.444976] pci 0000:00:02.2:   bridge window [mem 0x8002000000-0x80020fffff 64bit pref]
[    2.444980] pci 0000:00:02.3: PCI bridge to [bus 04]
[    2.444981] pci 0000:00:02.3:   bridge window [io  0x2000-0x2fff]
[    2.444984] pci 0000:00:02.3:   bridge window [mem 0xc1900000-0xc19fffff]
[    2.444989] pci 0000:00:02.4: PCI bridge to [bus 05]
[    2.444992] pci 0000:00:02.4:   bridge window [mem 0xc1800000-0xc18fffff]
[    2.444997] pci 0000:00:08.1: PCI bridge to [bus 06]
[    2.444998] pci 0000:00:08.1:   bridge window [io  0x1000-0x1fff]
[    2.445004] pci 0000:00:08.1:   bridge window [mem 0xc1400000-0xc17fffff]
[    2.445005] pci 0000:00:08.1:   bridge window [mem 0x8010000000-0x80201fffff 64bit pref]
[    2.445008] pci 0000:00:08.3: PCI bridge to [bus 07]
[    2.445010] pci 0000:00:08.3:   bridge window [mem 0xc1100000-0xc13fffff]
[    2.445015] pci_bus 0000:00: resource 4 [io  0x0000-0x0cf7 window]
[    2.445016] pci_bus 0000:00: resource 5 [io  0x0d00-0xffff window]
[    2.445016] pci_bus 0000:00: resource 6 [mem 0x000a0000-0x000bffff window]
[    2.445017] pci_bus 0000:00: resource 7 [mem 0x000c0000-0x000cffff window]
[    2.445018] pci_bus 0000:00: resource 8 [mem 0x000d0000-0x000effff window]
[    2.445019] pci_bus 0000:00: resource 9 [mem 0xc0000000-0xdfffffff window]
[    2.445020] pci_bus 0000:00: resource 10 [mem 0xf0000000-0xfeafffff window]
[    2.445020] pci_bus 0000:00: resource 11 [mem 0xfed45000-0xfed814ff window]
[    2.445021] pci_bus 0000:00: resource 12 [mem 0xfed81900-0xfed81fff window]
[    2.445022] pci_bus 0000:00: resource 13 [mem 0xfedc0000-0xfedc0fff window]
[    2.445023] pci_bus 0000:00: resource 14 [mem 0xfedc6000-0xfedc6fff window]
[    2.445023] pci_bus 0000:00: resource 15 [mem 0x860200000-0x80ffffffff window]
[    2.445024] pci_bus 0000:01: resource 0 [io  0x3000-0x3fff]
[    2.445025] pci_bus 0000:01: resource 1 [mem 0xc0000000-0xc10fffff]
[    2.445026] pci_bus 0000:01: resource 2 [mem 0x7e00000000-0x8001ffffff 64bit pref]
[    2.445027] pci_bus 0000:02: resource 1 [mem 0xc1b00000-0xc1bfffff]
[    2.445027] pci_bus 0000:03: resource 1 [mem 0xc1a00000-0xc1afffff]
[    2.445028] pci_bus 0000:03: resource 2 [mem 0x8002000000-0x80020fffff 64bit pref]
[    2.445029] pci_bus 0000:04: resource 0 [io  0x2000-0x2fff]
[    2.445030] pci_bus 0000:04: resource 1 [mem 0xc1900000-0xc19fffff]
[    2.445030] pci_bus 0000:05: resource 1 [mem 0xc1800000-0xc18fffff]
[    2.445031] pci_bus 0000:06: resource 0 [io  0x1000-0x1fff]
[    2.445032] pci_bus 0000:06: resource 1 [mem 0xc1400000-0xc17fffff]
[    2.445032] pci_bus 0000:06: resource 2 [mem 0x8010000000-0x80201fffff 64bit pref]
[    2.445033] pci_bus 0000:07: resource 1 [mem 0xc1100000-0xc13fffff]
[    2.445125] pci 0000:01:00.1: D0 power state depends on 0000:01:00.0
[    2.445807] PCI: CLS 64 bytes, default 64
[    2.445813] pci 0000:00:00.2: AMD-Vi: IOMMU performance counters supported
[    2.445844] pci 0000:00:00.2: can't derive routing for PCI INT A
[    2.445845] pci 0000:00:00.2: PCI INT A: not connected
[    2.445858] pci 0000:00:01.0: Adding to iommu group 0
[    2.445864] pci 0000:00:01.1: Adding to iommu group 1
[    2.445869] pci 0000:00:01.2: Adding to iommu group 2
[    2.445874] Trying to unpack rootfs image as initramfs...
[    2.445880] pci 0000:00:02.0: Adding to iommu group 3
[    2.445885] pci 0000:00:02.2: Adding to iommu group 4
[    2.445891] pci 0000:00:02.3: Adding to iommu group 5
[    2.445897] pci 0000:00:02.4: Adding to iommu group 6
[    2.445903] pci 0000:00:03.0: Adding to iommu group 7
[    2.445909] pci 0000:00:04.0: Adding to iommu group 8
[    2.445917] pci 0000:00:08.0: Adding to iommu group 9
[    2.445922] pci 0000:00:08.1: Adding to iommu group 10
[    2.445928] pci 0000:00:08.3: Adding to iommu group 11
[    2.445935] pci 0000:00:14.0: Adding to iommu group 12
[    2.445939] pci 0000:00:14.3: Adding to iommu group 12
[    2.445954] pci 0000:00:18.0: Adding to iommu group 13
[    2.445959] pci 0000:00:18.1: Adding to iommu group 13
[    2.445964] pci 0000:00:18.2: Adding to iommu group 13
[    2.445969] pci 0000:00:18.3: Adding to iommu group 13
[    2.445974] pci 0000:00:18.4: Adding to iommu group 13
[    2.445978] pci 0000:00:18.5: Adding to iommu group 13
[    2.445982] pci 0000:00:18.6: Adding to iommu group 13
[    2.445986] pci 0000:00:18.7: Adding to iommu group 13
[    2.445995] pci 0000:01:00.0: Adding to iommu group 14
[    2.446000] pci 0000:01:00.1: Adding to iommu group 14
[    2.446006] pci 0000:02:00.0: Adding to iommu group 15
[    2.446012] pci 0000:03:00.0: Adding to iommu group 16
[    2.446017] pci 0000:04:00.0: Adding to iommu group 17
[    2.446023] pci 0000:05:00.0: Adding to iommu group 18
[    2.446047] pci 0000:06:00.0: Adding to iommu group 19
[    2.446054] pci 0000:06:00.2: Adding to iommu group 20
[    2.446060] pci 0000:06:00.3: Adding to iommu group 21
[    2.446066] pci 0000:06:00.4: Adding to iommu group 22
[    2.446073] pci 0000:06:00.5: Adding to iommu group 23
[    2.446080] pci 0000:06:00.6: Adding to iommu group 24
[    2.446087] pci 0000:07:00.0: Adding to iommu group 25
[    2.446094] pci 0000:07:00.3: Adding to iommu group 26
[    2.446100] pci 0000:07:00.4: Adding to iommu group 27
[    2.448323] pci 0000:00:00.2: AMD-Vi: Found IOMMU cap 0x40
[    2.448327] AMD-Vi: Extended features (0x246577efa2254afa): PPR NX GT [5] IA GA PC GA_vAPIC
[    2.448331] AMD-Vi: Interrupt remapping enabled
[    2.448332] AMD-Vi: Virtual APIC enabled
[    2.448512] PCI-DMA: Using software bounce buffering for IO (SWIOTLB)
[    2.448512] software IO TLB: mapped [mem 0x00000000a5d9f000-0x00000000a9d9f000] (64MB)
[    2.448544] LVT offset 0 assigned for vector 0x400
[    2.448817] perf: AMD IBS detected (0x000003fd)
[    2.448839] perf/amd_iommu: Detected AMD IOMMU #0 (2 banks, 4 counters/bank).
[    2.449195] Initialise system trusted keyrings
[    2.449201] Key type blacklist registered
[    2.449281] workingset: timestamp_bits=36 max_order=23 bucket_order=0
[    2.449744] zbud: loaded
[    2.449888] squashfs: version 4.0 (2009/01/31) Phillip Lougher
[    2.450051] fuse: init (API version 7.36)
[    2.450185] integrity: Platform Keyring initialized
[    2.450188] integrity: Machine keyring initialized
[    2.452421] Key type asymmetric registered
[    2.452422] Asymmetric key parser 'x509' registered
[    2.643619] Freeing initrd memory: 73388K
[    2.646717] alg: self-tests for CTR-KDF (hmac(sha256)) passed
[    2.646743] Block layer SCSI generic (bsg) driver version 0.4 loaded (major 243)
[    2.646858] io scheduler mq-deadline registered
[    2.649095] pcieport 0000:00:01.1: PME: Signaling with IRQ 36
[    2.649112] pcieport 0000:00:01.1: pciehp: Slot #0 AttnBtn- PwrCtrl- MRL- AttnInd- PwrInd- HotPlug+ Surprise- Interlock- NoCompl+ IbPresDis- LLActRep+
[    2.649235] pcieport 0000:00:01.2: PME: Signaling with IRQ 37
[    2.649334] pcieport 0000:00:02.2: PME: Signaling with IRQ 38
[    2.649443] pcieport 0000:00:02.3: PME: Signaling with IRQ 39
[    2.649549] pcieport 0000:00:02.4: PME: Signaling with IRQ 40
[    2.649655] pcieport 0000:00:08.1: PME: Signaling with IRQ 41
[    2.649734] pcieport 0000:00:08.3: PME: Signaling with IRQ 42
[    2.649795] shpchp: Standard Hot Plug PCI Controller Driver version: 0.4
[    2.650519] ACPI: AC: AC Adapter [ADP0] (on-line)
[    2.650548] input: Power Button as /devices/LNXSYSTM:00/LNXSYBUS:00/PNP0C0C:00/input/input0
[    2.650556] ACPI: button: Power Button [PWRB]
[    2.650572] input: Lid Switch as /devices/LNXSYSTM:00/LNXSYBUS:00/PNP0C0D:00/input/input1
[    2.650579] ACPI: button: Lid Switch [LID0]
[    2.650664] Estimated ratio of average max frequency by base frequency (times 1024): 1277
[    2.650676] Monitor-Mwait will be used to enter C-1 state
[    2.650679] ACPI: \_SB_.PLTF.C000: Found 3 idle states
[    2.650749] ACPI: \_SB_.PLTF.C001: Found 3 idle states
[    2.650811] ACPI: \_SB_.PLTF.C002: Found 3 idle states
[    2.650908] ACPI: \_SB_.PLTF.C003: Found 3 idle states
[    2.651013] ACPI: \_SB_.PLTF.C004: Found 3 idle states
[    2.651085] ACPI: \_SB_.PLTF.C005: Found 3 idle states
[    2.651257] ACPI: \_SB_.PLTF.C006: Found 3 idle states
[    2.651383] ACPI: \_SB_.PLTF.C007: Found 3 idle states
[    2.651533] ACPI: \_SB_.PLTF.C008: Found 3 idle states
[    2.651617] ACPI: \_SB_.PLTF.C009: Found 3 idle states
[    2.651674] ACPI: \_SB_.PLTF.C00A: Found 3 idle states
[    2.651760] ACPI: \_SB_.PLTF.C00B: Found 3 idle states
[    2.651816] ACPI: \_SB_.PLTF.C00C: Found 3 idle states
[    2.651871] ACPI: \_SB_.PLTF.C00D: Found 3 idle states
[    2.651959] ACPI: \_SB_.PLTF.C00E: Found 3 idle states
[    2.652012] ACPI: \_SB_.PLTF.C00F: Found 3 idle states
[    2.652190] thermal LNXTHERM:00: registered as thermal_zone0
[    2.652191] ACPI: thermal: Thermal Zone [TZ01] (41 C)
[    2.652300] Serial: 8250/16550 driver, 32 ports, IRQ sharing enabled
[    2.653066] Linux agpgart interface v0.103
[    2.674596] loop: module loaded
[    2.674760] tun: Universal TUN/TAP device driver, 1.6
[    2.674776] PPP generic driver version 2.4.2
[    2.674806] VFIO - User Level meta-driver version: 0.3
[    2.674888] ehci_hcd: USB 2.0 'Enhanced' Host Controller (EHCI) Driver
[    2.674891] ehci-pci: EHCI PCI platform driver
[    2.674896] ehci-platform: EHCI generic platform driver
[    2.674900] ohci_hcd: USB 1.1 'Open' Host Controller (OHCI) Driver
[    2.674901] ohci-pci: OHCI PCI platform driver
[    2.674905] ohci-platform: OHCI generic platform driver
[    2.674911] uhci_hcd: USB Universal Host Controller Interface driver
[    2.674947] i8042: PNP: PS/2 Controller [PNP0303:KBC0] at 0x60,0x64 irq 1
[    2.674949] i8042: PNP: PS/2 appears to have AUX port disabled, if this is incorrect please boot with i8042.nopnp
[    2.675795] serio: i8042 KBD port at 0x60,0x64 irq 1
[    2.675849] mousedev: PS/2 mouse device common for all mice
[    2.676010] rtc_cmos 00:01: RTC can wake from S4
[    2.676169] rtc_cmos 00:01: registered as rtc0
[    2.676192] rtc_cmos 00:01: setting system clock to 2023-04-26T19:29:00 UTC (1682537340)
[    2.676211] rtc_cmos 00:01: alarms up to one month, 114 bytes nvram, hpet irqs
[    2.676215] i2c_dev: i2c /dev entries driver
[    2.676238] device-mapper: core: CONFIG_IMA_DISABLE_HTABLE is disabled. Duplicate IMA measurements will not be recorded in the IMA log.
[    2.676251] device-mapper: uevent: version 1.0.3
[    2.676273] device-mapper: ioctl: 4.47.0-ioctl (2022-07-28) initialised: dm-devel@redhat.com
[    2.676280] platform eisa.0: Probing EISA bus 0
[    2.676282] platform eisa.0: EISA: Cannot allocate resource for mainboard
[    2.676282] platform eisa.0: Cannot allocate resource for EISA slot 1
[    2.676283] platform eisa.0: Cannot allocate resource for EISA slot 2
[    2.676284] platform eisa.0: Cannot allocate resource for EISA slot 3
[    2.676284] platform eisa.0: Cannot allocate resource for EISA slot 4
[    2.676285] platform eisa.0: Cannot allocate resource for EISA slot 5
[    2.676285] platform eisa.0: Cannot allocate resource for EISA slot 6
[    2.676286] platform eisa.0: Cannot allocate resource for EISA slot 7
[    2.676287] platform eisa.0: Cannot allocate resource for EISA slot 8
[    2.676287] platform eisa.0: EISA: Detected 0 cards
[    2.676530] ledtrig-cpu: registered to indicate activity on CPUs
[    2.676540] efifb: probing for efifb
[    2.676555] efifb: showing boot graphics
[    2.678111] efifb: framebuffer at 0x7e00000000, using 25600k, total 25600k
[    2.678112] efifb: mode is 2560x1600x32, linelength=16384, pages=1
[    2.678112] efifb: scrolling: redraw
[    2.678113] efifb: Truecolor: size=8:8:8:8, shift=24:16:8:0
[    2.678161] Console: switching to colour frame buffer device 160x50
[    2.685711] fb0: EFI VGA frame buffer device
[    2.685731] EFI Variables Facility v0.08 2004-May-17
[    2.688359] input: AT Translated Set 2 keyboard as /devices/platform/i8042/serio0/input/input2
[    2.689781] drop_monitor: Initializing network drop monitor service
[    2.696562] NET: Registered PF_INET6 protocol family
[    2.699701] Segment Routing with IPv6
[    2.699711] In-situ OAM (IOAM) with IPv6
[    2.699733] NET: Registered PF_PACKET protocol family
[    2.699808] Key type dns_resolver registered
[    2.700834] microcode: CPU0: patch_level=0x0a404101
[    2.700840] microcode: CPU1: patch_level=0x0a404101
[    2.700864] microcode: CPU2: patch_level=0x0a404101
[    2.700872] microcode: CPU3: patch_level=0x0a404101
[    2.700897] microcode: CPU4: patch_level=0x0a404101
[    2.700906] microcode: CPU5: patch_level=0x0a404101
[    2.700930] microcode: CPU6: patch_level=0x0a404101
[    2.700938] microcode: CPU7: patch_level=0x0a404101
[    2.700957] microcode: CPU8: patch_level=0x0a404101
[    2.700962] microcode: CPU9: patch_level=0x0a404101
[    2.700985] microcode: CPU10: patch_level=0x0a404101
[    2.700993] microcode: CPU11: patch_level=0x0a404101
[    2.701011] microcode: CPU12: patch_level=0x0a404101
[    2.701017] microcode: CPU13: patch_level=0x0a404101
[    2.701040] microcode: CPU14: patch_level=0x0a404101
[    2.701049] microcode: CPU15: patch_level=0x0a404101
[    2.701052] microcode: Microcode Update Driver: v2.2.
[    2.701345] resctrl: L3 allocation detected
[    2.701346] resctrl: MB allocation detected
[    2.701346] resctrl: L3 monitoring detected
[    2.701350] IPI shorthand broadcast: enabled
[    2.701369] sched_clock: Marking stable (2700729447, 608486)->(2707886231, -6548298)
[    2.701607] registered taskstats version 1
[    2.701852] Loading compiled-in X.509 certificates
[    2.702246] Loaded X.509 cert 'Build time autogenerated kernel key: 9c1566fffebd0f8b5b8a2110123687d6f2ec8a9d'
[    2.702511] Loaded X.509 cert 'Canonical Ltd. Live Patch Signing: 14df34d1a87cf37625abec039ef2bf521249b969'
[    2.702772] Loaded X.509 cert 'Canonical Ltd. Kernel Module Signing: 88f752e560a1e0737e31163a466ad7b70a850c19'
[    2.702773] blacklist: Loading compiled-in revocation X.509 certificates
[    2.702782] Loaded X.509 cert 'Canonical Ltd. Secure Boot Signing: 61482aa2830d0ab2ad5af10b7250da9033ddcef0'
[    2.702789] Loaded X.509 cert 'Canonical Ltd. Secure Boot Signing (2017): 242ade75ac4a15e50d50c84b0d45ff3eae707a03'
[    2.702796] Loaded X.509 cert 'Canonical Ltd. Secure Boot Signing (ESM 2018): 365188c1d374d6b07c3c8f240f8ef722433d6a8b'
[    2.702806] Loaded X.509 cert 'Canonical Ltd. Secure Boot Signing (2019): c0746fd6c5da3ae827864651ad66ae47fe24b3e8'
[    2.702814] Loaded X.509 cert 'Canonical Ltd. Secure Boot Signing (2021 v1): a8d54bbb3825cfb94fa13c9f8a594a195c107b8d'
[    2.702822] Loaded X.509 cert 'Canonical Ltd. Secure Boot Signing (2021 v2): 4cf046892d6fd3c9a5b03f98d845f90851dc6a8c'
[    2.702828] Loaded X.509 cert 'Canonical Ltd. Secure Boot Signing (2021 v3): 100437bb6de6e469b581e61cd66bce3ef4ed53af'
[    2.702835] Loaded X.509 cert 'Canonical Ltd. Secure Boot Signing (Ubuntu Core 2019): c1d57b8f6b743f23ee41f4f7ee292f06eecadfb9'
[    2.703182] zswap: loaded using pool lzo/zbud
[    2.703304] Key type .fscrypt registered
[    2.703305] Key type fscrypt-provisioning registered
[    2.703566] Key type trusted registered
[    2.704648] Key type encrypted registered
[    2.704651] AppArmor: AppArmor sha1 policy hashing enabled
[    2.705517] integrity: Loading X.509 certificate: UEFI:db
[    2.705530] integrity: Loaded X.509 cert 'Microsoft Windows Production PCA 2011: a92902398e16c49778cd90f99e4f9ae17c55af53'
[    2.705531] integrity: Loading X.509 certificate: UEFI:db
[    2.705541] integrity: Loaded X.509 cert 'Microsoft Corporation UEFI CA 2011: 13adbf4309bd82709c8cd54f316ed522988a1bd4'
[    2.705541] integrity: Loading X.509 certificate: UEFI:db
[    2.705547] integrity: Loaded X.509 cert ': 39968472baa7a4ae4a7a52d2362399d5'
[    2.713463] Loading compiled-in module X.509 certificates
[    2.714071] Loaded X.509 cert 'Build time autogenerated kernel key: 9c1566fffebd0f8b5b8a2110123687d6f2ec8a9d'
[    2.714073] ima: Allocated hash algorithm: sha1
[    2.728393] ima: No architecture policies found
[    2.728423] evm: Initialising EVM extended attributes:
[    2.728425] evm: security.selinux
[    2.728427] evm: security.SMACK64
[    2.728429] evm: security.SMACK64EXEC
[    2.728430] evm: security.SMACK64TRANSMUTE
[    2.728431] evm: security.SMACK64MMAP
[    2.728432] evm: security.apparmor
[    2.728433] evm: security.ima
[    2.728434] evm: security.capability
[    2.728435] evm: HMAC attrs: 0x1
[    2.730264] PM:   Magic number: 3:883:496
[    2.730304] pci 0000:06:00.4: hash matches
[    2.731552] RAS: Correctable Errors collector initialized.
[    2.748055] ACPI: battery: Slot [BAT0] (battery present)
[    2.750012] Freeing unused decrypted memory: 2036K
[    2.750263] Freeing unused kernel image (initmem) memory: 3160K
[    2.803233] Write protecting the kernel read-only data: 32768k
[    2.804059] Freeing unused kernel image (text/rodata gap) memory: 2036K
[    2.804372] Freeing unused kernel image (rodata/data gap) memory: 1024K
[    2.825989] x86/mm: Checked W+X mappings: passed, no W+X pages found.
[    2.826003] Run /init as init process
[    2.826005]   with arguments:
[    2.826006]     /init
[    2.826007]     splash
[    2.826008]   with environment:
[    2.826009]     HOME=/
[    2.826009]     TERM=linux
[    2.826010]     BOOT_IMAGE=/boot/vmlinuz-5.19.0-40-generic
[    2.890223] hid: raw HID events driver (C) Jiri Kosina
[    2.892721] ACPI: video: [Firmware Bug]: ACPI(PEGP) defines _DOD but not _DOS
[    2.892797] ACPI: video: Video Device [PEGP] (multi-head: yes  rom: no  post: no)
[    2.895728] acpi device:01: registered as cooling_device16
[    2.897747] input: Video Bus as /devices/LNXSYSTM:00/LNXSYBUS:00/PNP0A08:00/device:00/LNXVIDEO:00/input/input3
[    2.898393] ACPI: video: Video Device [VGA] (multi-head: yes  rom: no  post: no)
[    2.898774] piix4_smbus 0000:00:14.0: SMBus Host Controller at 0xb00, revision 0
[    2.898778] piix4_smbus 0000:00:14.0: Using register 0x02 for SMBus port selection
[    2.900501] acpi device:1e: registered as cooling_device17
[    2.900985] input: Video Bus as /devices/LNXSYSTM:00/LNXSYBUS:00/PNP0A08:00/device:1d/LNXVIDEO:01/input/input4
[    2.901090] xhci_hcd 0000:06:00.3: xHCI Host Controller
[    2.901145] xhci_hcd 0000:06:00.3: new USB bus registered, assigned bus number 1
[    2.901356] piix4_smbus 0000:00:14.0: Auxiliary SMBus Host Controller at 0xb20
[    2.901486] wmi_bus wmi_bus-PNP0C14:01: WQA0 data block query control method not found
[    2.901511] acpi PNP0C14:01: duplicate WMI GUID 05901221-D566-11D1-B2F0-00A0C9062910 (first instance was on PNP0C14:00)
[    2.901532] xhci_hcd 0000:06:00.3: hcc params 0x0120ffc5 hci version 0x120 quirks 0x0000000200000410
[    2.903490] xhci_hcd 0000:06:00.3: xHCI Host Controller
[    2.903495] xhci_hcd 0000:06:00.3: new USB bus registered, assigned bus number 2
[    2.903497] xhci_hcd 0000:06:00.3: Host supports USB 3.1 Enhanced SuperSpeed
[    2.903533] usb usb1: New USB device found, idVendor=1d6b, idProduct=0002, bcdDevice= 5.19
[    2.903535] usb usb1: New USB device strings: Mfr=3, Product=2, SerialNumber=1
[    2.903537] usb usb1: Product: xHCI Host Controller
[    2.903539] usb usb1: Manufacturer: Linux 5.19.0-40-generic xhci-hcd
[    2.903540] usb usb1: SerialNumber: 0000:06:00.3
[    2.904884] hub 1-0:1.0: USB hub found
[    2.904902] hub 1-0:1.0: 4 ports detected
[    2.905141] acpi PNP0C14:02: duplicate WMI GUID 05901221-D566-11D1-B2F0-00A0C9062910 (first instance was on PNP0C14:00)
[    2.905337] acpi PNP0C14:03: duplicate WMI GUID 05901221-D566-11D1-B2F0-00A0C9062910 (first instance was on PNP0C14:00)
[    2.905506] acpi PNP0C14:04: duplicate WMI GUID 05901221-D566-11D1-B2F0-00A0C9062910 (first instance was on PNP0C14:00)
[    2.905692] usb usb2: We don't know the algorithms for LPM for this host, disabling LPM.
[    2.905709] usb usb2: New USB device found, idVendor=1d6b, idProduct=0003, bcdDevice= 5.19
[    2.905711] usb usb2: New USB device strings: Mfr=3, Product=2, SerialNumber=1
[    2.905713] usb usb2: Product: xHCI Host Controller
[    2.905714] usb usb2: Manufacturer: Linux 5.19.0-40-generic xhci-hcd
[    2.905715] usb usb2: SerialNumber: 0000:06:00.3
[    2.905798] hub 2-0:1.0: USB hub found
[    2.905814] hub 2-0:1.0: 2 ports detected
[    2.906336] xhci_hcd 0000:06:00.4: xHCI Host Controller
[    2.906346] xhci_hcd 0000:06:00.4: new USB bus registered, assigned bus number 3
[    2.906720] xhci_hcd 0000:06:00.4: hcc params 0x0120ffc5 hci version 0x120 quirks 0x0000000200000410
[    2.907179] xhci_hcd 0000:06:00.4: xHCI Host Controller
[    2.907183] xhci_hcd 0000:06:00.4: new USB bus registered, assigned bus number 4
[    2.907186] xhci_hcd 0000:06:00.4: Host supports USB 3.1 Enhanced SuperSpeed
[    2.907218] usb usb3: New USB device found, idVendor=1d6b, idProduct=0002, bcdDevice= 5.19
[    2.907221] usb usb3: New USB device strings: Mfr=3, Product=2, SerialNumber=1
[    2.907223] usb usb3: Product: xHCI Host Controller
[    2.907225] usb usb3: Manufacturer: Linux 5.19.0-40-generic xhci-hcd
[    2.907226] usb usb3: SerialNumber: 0000:06:00.4
[    2.907337] hub 3-0:1.0: USB hub found
[    2.907353] hub 3-0:1.0: 3 ports detected
[    2.907634] usb usb4: We don't know the algorithms for LPM for this host, disabling LPM.
[    2.907651] usb usb4: New USB device found, idVendor=1d6b, idProduct=0003, bcdDevice= 5.19
[    2.907653] usb usb4: New USB device strings: Mfr=3, Product=2, SerialNumber=1
[    2.907655] usb usb4: Product: xHCI Host Controller
[    2.907656] usb usb4: Manufacturer: Linux 5.19.0-40-generic xhci-hcd
[    2.907657] usb usb4: SerialNumber: 0000:06:00.4
[    2.907753] hub 4-0:1.0: USB hub found
[    2.907769] hub 4-0:1.0: 2 ports detected
[    2.907997] xhci_hcd 0000:07:00.0: xHCI Host Controller
[    2.908006] xhci_hcd 0000:07:00.0: new USB bus registered, assigned bus number 5
[    2.909291] xhci_hcd 0000:07:00.0: USB3 root hub has no ports
[    2.909295] xhci_hcd 0000:07:00.0: hcc params 0x0110ffc5 hci version 0x120 quirks 0x0000000200000410
[    2.909597] xhci_hcd 0000:07:00.0: xHCI Host Controller
[    2.909600] xhci_hcd 0000:07:00.0: new USB bus registered, assigned bus number 6
[    2.909601] xhci_hcd 0000:07:00.0: Host supports USB 3.0 SuperSpeed
[    2.909623] usb usb5: New USB device found, idVendor=1d6b, idProduct=0002, bcdDevice= 5.19
[    2.909624] usb usb5: New USB device strings: Mfr=3, Product=2, SerialNumber=1
[    2.909625] usb usb5: Product: xHCI Host Controller
[    2.909625] usb usb5: Manufacturer: Linux 5.19.0-40-generic xhci-hcd
[    2.909626] usb usb5: SerialNumber: 0000:07:00.0
[    2.909675] hub 5-0:1.0: USB hub found
[    2.909688] hub 5-0:1.0: 1 port detected
[    2.909750] usb usb6: We don't know the algorithms for LPM for this host, disabling LPM.
[    2.909759] usb usb6: New USB device found, idVendor=1d6b, idProduct=0003, bcdDevice= 5.19
[    2.909760] usb usb6: New USB device strings: Mfr=3, Product=2, SerialNumber=1
[    2.909761] usb usb6: Product: xHCI Host Controller
[    2.909762] usb usb6: Manufacturer: Linux 5.19.0-40-generic xhci-hcd
[    2.909762] usb usb6: SerialNumber: 0000:07:00.0
[    2.909807] hub 6-0:1.0: USB hub found
[    2.909810] hub 6-0:1.0: config failed, hub doesn't have any ports! (err -19)
[    2.909911] xhci_hcd 0000:07:00.3: xHCI Host Controller
[    2.909913] xhci_hcd 0000:07:00.3: new USB bus registered, assigned bus number 7
[    2.911196] xhci_hcd 0000:07:00.3: hcc params 0x0110ffc5 hci version 0x120 quirks 0x0000000200000410
[    2.911471] xhci_hcd 0000:07:00.3: xHCI Host Controller
[    2.911473] xhci_hcd 0000:07:00.3: new USB bus registered, assigned bus number 8
[    2.911474] xhci_hcd 0000:07:00.3: Host supports USB 3.1 Enhanced SuperSpeed
[    2.911491] usb usb7: New USB device found, idVendor=1d6b, idProduct=0002, bcdDevice= 5.19
[    2.911492] usb usb7: New USB device strings: Mfr=3, Product=2, SerialNumber=1
[    2.911493] usb usb7: Product: xHCI Host Controller
[    2.911494] usb usb7: Manufacturer: Linux 5.19.0-40-generic xhci-hcd
[    2.911494] usb usb7: SerialNumber: 0000:07:00.3
[    2.911537] hub 7-0:1.0: USB hub found
[    2.911544] hub 7-0:1.0: 1 port detected
[    2.911603] usb usb8: We don't know the algorithms for LPM for this host, disabling LPM.
[    2.911612] usb usb8: New USB device found, idVendor=1d6b, idProduct=0003, bcdDevice= 5.19
[    2.911612] usb usb8: New USB device strings: Mfr=3, Product=2, SerialNumber=1
[    2.911613] usb usb8: Product: xHCI Host Controller
[    2.911614] usb usb8: Manufacturer: Linux 5.19.0-40-generic xhci-hcd
[    2.911614] usb usb8: SerialNumber: 0000:07:00.3
[    2.911651] hub 8-0:1.0: USB hub found
[    2.911658] hub 8-0:1.0: 1 port detected
[    2.911750] xhci_hcd 0000:07:00.4: xHCI Host Controller
[    2.911752] xhci_hcd 0000:07:00.4: new USB bus registered, assigned bus number 9
[    2.913050] xhci_hcd 0000:07:00.4: hcc params 0x0110ffc5 hci version 0x120 quirks 0x0000000200000410
[    2.913311] xhci_hcd 0000:07:00.4: xHCI Host Controller
[    2.913313] xhci_hcd 0000:07:00.4: new USB bus registered, assigned bus number 10
[    2.913314] xhci_hcd 0000:07:00.4: Host supports USB 3.1 Enhanced SuperSpeed
[    2.913331] usb usb9: New USB device found, idVendor=1d6b, idProduct=0002, bcdDevice= 5.19
[    2.913332] usb usb9: New USB device strings: Mfr=3, Product=2, SerialNumber=1
[    2.913333] usb usb9: Product: xHCI Host Controller
[    2.913333] usb usb9: Manufacturer: Linux 5.19.0-40-generic xhci-hcd
[    2.913334] usb usb9: SerialNumber: 0000:07:00.4
[    2.913382] hub 9-0:1.0: USB hub found
[    2.913389] hub 9-0:1.0: 1 port detected
[    2.913445] usb usb10: We don't know the algorithms for LPM for this host, disabling LPM.
[    2.913454] usb usb10: New USB device found, idVendor=1d6b, idProduct=0003, bcdDevice= 5.19
[    2.913455] usb usb10: New USB device strings: Mfr=3, Product=2, SerialNumber=1
[    2.913456] usb usb10: Product: xHCI Host Controller
[    2.913456] usb usb10: Manufacturer: Linux 5.19.0-40-generic xhci-hcd
[    2.913457] usb usb10: SerialNumber: 0000:07:00.4
[    2.913500] hub 10-0:1.0: USB hub found
[    2.913507] hub 10-0:1.0: 1 port detected
[    2.986866] nvme 0000:02:00.0: platform quirk: setting simple suspend
[    2.987012] nvme nvme0: pci function 0000:02:00.0
[    2.987056] nvme 0000:05:00.0: platform quirk: setting simple suspend
[    2.987131] nvme nvme1: pci function 0000:05:00.0
[    2.999517] nvme nvme1: Shutdown timeout set to 10 seconds
[    3.001216] nvme nvme0: allocated 32 MiB host memory buffer.
[    3.002881] nvme nvme0: 16/0/0 default/read/poll queues
[    3.003606] nvme nvme1: 16/0/0 default/read/poll queues
[    3.005854]  nvme1n1: p1 p2 p3 p4
[    3.006117]  nvme0n1: p1 p2
[    3.065838] input: MSFT0001:00 06CB:CE78 Mouse as /devices/platform/AMDI0010:00/i2c-0/i2c-MSFT0001:00/0018:06CB:CE78.0001/input/input5
[    3.065915] input: MSFT0001:00 06CB:CE78 Touchpad as /devices/platform/AMDI0010:00/i2c-0/i2c-MSFT0001:00/0018:06CB:CE78.0001/input/input6
[    3.065974] hid-generic 0018:06CB:CE78.0001: input,hidraw0: I2C HID v1.00 Mouse [MSFT0001:00 06CB:CE78] on i2c-MSFT0001:00
[    3.089360] r8169 0000:04:00.0 eth0: RTL8168h/8111h, 6c:24:08:b1:3e:a4, XID 541, IRQ 125
[    3.089366] r8169 0000:04:00.0 eth0: jumbo features [frames: 9194 bytes, tx checksumming: ko]
[    3.090422] r8169 0000:04:00.0 enp4s0: renamed from eth0
[    3.171264] usb 1-4: new full-speed USB device number 2 using xhci_hcd
[    3.171295] usb 3-2: new high-speed USB device number 2 using xhci_hcd
[    3.174900] usb 9-1: new full-speed USB device number 2 using xhci_hcd
[    3.178895] usb 7-1: new high-speed USB device number 2 using xhci_hcd
[    3.331800] usb 7-1: New USB device found, idVendor=2109, idProduct=2817, bcdDevice= 3.b4
[    3.331805] usb 7-1: New USB device strings: Mfr=1, Product=2, SerialNumber=0
[    3.331808] usb 7-1: Product: USB2.0 Hub             
[    3.331809] usb 7-1: Manufacturer: VIA Labs, Inc.         
[    3.340932] usb 3-2: New USB device found, idVendor=0bda, idProduct=5411, bcdDevice= 1.55
[    3.340939] usb 3-2: New USB device strings: Mfr=1, Product=2, SerialNumber=0
[    3.340942] usb 3-2: Product: USB2.1 Hub
[    3.340944] usb 3-2: Manufacturer: Generic
[    3.348298] usb 9-1: not running at top speed; connect to a high speed hub
[    3.367543] usb 1-4: New USB device found, idVendor=048d, idProduct=c102, bcdDevice= 8.00
[    3.367551] usb 1-4: New USB device strings: Mfr=1, Product=2, SerialNumber=0
[    3.367555] usb 1-4: Product: ITE Device(8910)
[    3.367557] usb 1-4: Manufacturer: ITE Tech. Inc.
[    3.368299] usb 9-1: New USB device found, idVendor=2109, idProduct=0103, bcdDevice= 6.f5
[    3.368301] usb 9-1: New USB device strings: Mfr=1, Product=2, SerialNumber=3
[    3.368303] usb 9-1: Product: USB 2.0 BILLBOARD
[    3.368304] usb 9-1: Manufacturer: VLI Inc.
[    3.368305] usb 9-1: SerialNumber: 0000000000000001
[    3.387776] hub 3-2:1.0: USB hub found
[    3.389326] hub 3-2:1.0: 4 ports detected
[    3.391943] hub 7-1:1.0: USB hub found
[    3.392471] hub 7-1:1.0: 4 ports detected
[    3.395999] input: ITE Tech. Inc. ITE Device(8910) Keyboard as /devices/pci0000:00/0000:00:08.1/0000:06:00.3/usb1/1-4/1-4:1.0/0003:048D:C102.0002/input/input8
[    3.455149] input: ITE Tech. Inc. ITE Device(8910) Wireless Radio Control as /devices/pci0000:00/0000:00:08.1/0000:06:00.3/usb1/1-4/1-4:1.0/0003:048D:C102.0002/input/input9
[    3.455439] hid-generic 0003:048D:C102.0002: input,hiddev0,hidraw1: USB HID v1.10 Keyboard [ITE Tech. Inc. ITE Device(8910)] on usb-0000:06:00.3-4/input0
[    3.455519] usbcore: registered new interface driver usbhid
[    3.455521] usbhid: USB HID core driver
[    3.459523] usb 4-2: new SuperSpeed USB device number 2 using xhci_hcd
[    3.483899] tsc: Refined TSC clocksource calibration: 3193.998 MHz
[    3.483915] clocksource: tsc: mask: 0xffffffffffffffff max_cycles: 0x2e0a244aeba, max_idle_ns: 440795290469 ns
[    3.483962] clocksource: Switched to clocksource tsc
[    3.486881] usb 8-1: new SuperSpeed USB device number 2 using xhci_hcd
[    3.498805] usb 4-2: New USB device found, idVendor=0bda, idProduct=0411, bcdDevice= 1.55
[    3.498813] usb 4-2: New USB device strings: Mfr=1, Product=2, SerialNumber=0
[    3.498817] usb 4-2: Product: USB3.2 Hub
[    3.498820] usb 4-2: Manufacturer: Generic
[    3.531962] hub 4-2:1.0: USB hub found
[    3.533902] hub 4-2:1.0: 3 ports detected
[    3.618923] usb 3-3: new high-speed USB device number 3 using xhci_hcd
[    3.771394] usb 3-3: New USB device found, idVendor=0489, idProduct=e0d8, bcdDevice= 1.00
[    3.771404] usb 3-3: New USB device strings: Mfr=5, Product=6, SerialNumber=7
[    3.771408] usb 3-3: Product: Wireless_Device
[    3.771411] usb 3-3: Manufacturer: MediaTek Inc.
[    3.771413] usb 3-3: SerialNumber: 000000000
[    3.871438] usb 9-1: USB disconnect, device number 2
[    3.894223] usb 8-1: New USB device found, idVendor=2109, idProduct=0817, bcdDevice= 3.b4
[    3.894230] usb 8-1: New USB device strings: Mfr=1, Product=2, SerialNumber=0
[    3.894233] usb 8-1: Product: USB3.0 Hub             
[    3.894235] usb 8-1: Manufacturer: VIA Labs, Inc.         
[    3.919927] hub 8-1:1.0: USB hub found
[    3.920454] hub 8-1:1.0: 4 ports detected
[    4.380408] EXT4-fs (nvme0n1p2): mounted filesystem with ordered data mode. Quota mode: none.
[    4.444953] systemd[1]: Inserted module 'autofs4'
[    4.459405] systemd[1]: systemd 251.4-1ubuntu7.1 running in system mode (+PAM +AUDIT +SELINUX +APPARMOR +IMA +SMACK +SECCOMP +GCRYPT -GNUTLS +OPENSSL +ACL +BLKID +CURL +ELFUTILS +FIDO2 +IDN2 -IDN +IPTC +KMOD +LIBCRYPTSETUP +LIBFDISK +PCRE2 -PWQUALITY -P11KIT -QRENCODE +TPM2 +BZIP2 +LZ4 +XZ +ZLIB +ZSTD -BPF_FRAMEWORK -XKBCOMMON +UTMP +SYSVINIT default-hierarchy=unified)
[    4.459408] systemd[1]: Detected architecture x86-64.
[    4.459856] systemd[1]: Hostname set to <legion5pro-Legion-5-Pro-16ARH7H>.
[    4.487287] usb 7-1.2: new high-speed USB device number 3 using xhci_hcd
[    4.498977] systemd[1]: /etc/systemd/system/teamviewerd.service:9: PIDFile= references a path below legacy directory /var/run/, updating /var/run/teamviewerd.pid  /run/teamviewerd.pid; please update the unit file accordingly.
[    4.523843] systemd[1]: /etc/systemd/system/anydesk.service:9: PIDFile= references a path below legacy directory /var/run/, updating /var/run/anydesk.pid  /run/anydesk.pid; please update the unit file accordingly.
[    4.538895] systemd[1]: Queued start job for default target Graphical Interface.
[    4.564766] systemd[1]: Created slice Virtual Machine and Container Slice.
[    4.565874] systemd[1]: Created slice Slice /system/modprobe.
[    4.566076] systemd[1]: Created slice Slice /system/systemd-fsck.
[    4.566222] systemd[1]: Created slice User and Session Slice.
[    4.566270] systemd[1]: Started Forward Password Requests to Wall Directory Watch.
[    4.566424] systemd[1]: Set up automount Arbitrary Executable File Formats File System Automount Point.
[    4.566457] systemd[1]: Reached target Local Integrity Protected Volumes.
[    4.566485] systemd[1]: Reached target User and Group Name Lookups.
[    4.566495] systemd[1]: Reached target Remote File Systems.
[    4.566502] systemd[1]: Reached target Slice Units.
[    4.566516] systemd[1]: Reached target Mounting snaps.
[    4.566539] systemd[1]: Reached target Local Verity Protected Volumes.
[    4.566547] systemd[1]: Reached target Libvirt guests shutdown.
[    4.566594] systemd[1]: Listening on Device-mapper event daemon FIFOs.
[    4.566868] systemd[1]: Listening on LVM2 poll daemon socket.
[    4.566944] systemd[1]: Listening on Syslog Socket.
[    4.566991] systemd[1]: Listening on fsck to fsckd communication Socket.
[    4.567016] systemd[1]: Listening on initctl Compatibility Named Pipe.
[    4.567104] systemd[1]: Listening on Journal Audit Socket.
[    4.567149] systemd[1]: Listening on Journal Socket (/dev/log).
[    4.567204] systemd[1]: Listening on Journal Socket.
[    4.567253] systemd[1]: Listening on Userspace Out-Of-Memory (OOM) Killer Socket.
[    4.567380] systemd[1]: Listening on udev Control Socket.
[    4.567421] systemd[1]: Listening on udev Kernel Socket.
[    4.567840] systemd[1]: Mounting Huge Pages File System...
[    4.568241] systemd[1]: Mounting POSIX Message Queue File System...
[    4.568714] systemd[1]: Mounting Kernel Debug File System...
[    4.569091] systemd[1]: Mounting Kernel Trace File System...
[    4.569909] systemd[1]: Starting Journal Service...
[    4.569982] systemd[1]: Finished Availability of block devices.
[    4.570560] systemd[1]: Starting Set the console keyboard layout...
[    4.571034] systemd[1]: Starting Create List of Static Device Nodes...
[    4.571453] systemd[1]: Starting Monitoring of LVM2 mirrors, snapshots etc. using dmeventd or progress polling...
[    4.571851] systemd[1]: Starting Load Kernel Module chromeos_pstore...
[    4.572259] systemd[1]: Starting Load Kernel Module configfs...
[    4.572633] systemd[1]: Starting Load Kernel Module drm...
[    4.573008] systemd[1]: Starting Load Kernel Module efi_pstore...
[    4.573383] systemd[1]: Starting Load Kernel Module fuse...
[    4.573810] systemd[1]: Starting Load Kernel Module pstore_blk...
[    4.574194] systemd[1]: Starting Load Kernel Module pstore_zone...
[    4.574615] systemd[1]: Starting Load Kernel Module ramoops...
[    4.574699] systemd[1]: File System Check on Root Device was skipped because of a failed condition check (ConditionPathExists=!/run/initramfs/fsck-root).
[    4.575488] systemd[1]: Starting Load Kernel Modules...
[    4.575937] systemd[1]: Starting Remount Root and Kernel File Systems...
[    4.575995] systemd[1]: Repartition Root Disk was skipped because all trigger condition checks failed.
[    4.576690] systemd[1]: Starting Coldplug All udev Devices...
[    4.577830] systemd[1]: Mounted Huge Pages File System.
[    4.577886] systemd[1]: Mounted POSIX Message Queue File System.
[    4.577932] systemd[1]: Mounted Kernel Debug File System.
[    4.577984] systemd[1]: Mounted Kernel Trace File System.
[    4.578122] systemd[1]: Finished Create List of Static Device Nodes.
[    4.578257] systemd[1]: modprobe@configfs.service: Deactivated successfully.
[    4.578325] systemd[1]: Finished Load Kernel Module configfs.
[    4.578429] pstore: Using crash dump compression: deflate
[    4.578447] systemd[1]: modprobe@fuse.service: Deactivated successfully.
[    4.578448] pstore: Registered efi as persistent store backend
[    4.578515] systemd[1]: Finished Load Kernel Module fuse.
[    4.578623] systemd[1]: modprobe@pstore_blk.service: Deactivated successfully.
[    4.578684] systemd[1]: Finished Load Kernel Module pstore_blk.
[    4.578792] systemd[1]: modprobe@efi_pstore.service: Deactivated successfully.
[    4.578852] systemd[1]: Finished Load Kernel Module efi_pstore.
[    4.578966] systemd[1]: modprobe@pstore_zone.service: Deactivated successfully.
[    4.579024] systemd[1]: Finished Load Kernel Module pstore_zone.
[    4.579127] systemd[1]: modprobe@ramoops.service: Deactivated successfully.
[    4.579179] systemd[1]: Finished Load Kernel Module ramoops.
[    4.579756] systemd[1]: Mounting FUSE Control File System...
[    4.579777] EXT4-fs (nvme0n1p2): re-mounted. Quota mode: none.
[    4.580150] systemd[1]: Mounting Kernel Configuration File System...
[    4.581056] systemd[1]: Finished Remount Root and Kernel File Systems.
[    4.581120] systemd[1]: Mounted FUSE Control File System.
[    4.581155] systemd[1]: Mounted Kernel Configuration File System.
[    4.581607] systemd[1]: Activating swap /swapfile...
[    4.582080] systemd[1]: Starting Load/Save Random Seed...
[    4.582537] systemd[1]: Starting Create System Users...
[    4.584014] Adding 2097148k swap on /swapfile.  Priority:-2 extents:6 across:2138092k SSFS
[    4.584040] systemd[1]: Activated swap /swapfile.
[    4.584063] systemd[1]: Reached target Swaps.
[    4.585143] ACPI: bus type drm_connector registered
[    4.585627] systemd[1]: modprobe@drm.service: Deactivated successfully.
[    4.585695] systemd[1]: Finished Load Kernel Module drm.
[    4.586304] systemd[1]: Finished Load/Save Random Seed.
[    4.586356] systemd[1]: First Boot Complete was skipped because of a failed condition check (ConditionFirstBoot=yes).
[    4.587213] lp: driver loaded but no devices found
[    4.589135] ppdev: user-space parallel port driver
[    4.589577] systemd[1]: Finished Create System Users.
[    4.590379] systemd[1]: Starting Create Static Device Nodes in /dev...
[    4.592574] systemd[1]: Finished Load Kernel Modules.
[    4.593349] systemd[1]: Starting Apply Kernel Variables...
[    4.594379] systemd[1]: Finished Set the console keyboard layout.
[    4.596658] systemd[1]: Finished Create Static Device Nodes in /dev.
[    4.596867] systemd[1]: Finished Apply Kernel Variables.
[    4.597761] systemd[1]: Starting Rule-based Manager for Device Events and Files...
[    4.619558] systemd[1]: Started Journal Service.
[    4.623322] systemd-journald[580]: Received client request to flush runtime journal.
[    4.624396] systemd-journald[580]: File /var/log/journal/59496831191546afbf5285ef3e62796a/system.journal corrupted or uncleanly shut down, renaming and replacing.
[    4.641428] usb 7-1.2: New USB device found, idVendor=14cd, idProduct=1212, bcdDevice= 1.00
[    4.641433] usb 7-1.2: New USB device strings: Mfr=1, Product=3, SerialNumber=2
[    4.641435] usb 7-1.2: Product: Mass Storage Device
[    4.641437] usb 7-1.2: Manufacturer: Generic
[    4.641438] usb 7-1.2: SerialNumber: 121220160204
[    4.669000] usb-storage 7-1.2:1.0: USB Mass Storage device detected
[    4.669154] scsi host0: usb-storage 7-1.2:1.0
[    4.669275] usbcore: registered new interface driver usb-storage
[    4.673387] usbcore: registered new interface driver uas
[    4.685612] acpi-tad ACPI000E:00: Missing _PRW
[    4.698722] loop0: detected capacity change from 0 to 8
[    4.699086] loop1: detected capacity change from 0 to 235144
[    4.701493] loop2: detected capacity change from 0 to 304008
[    4.703083] loop3: detected capacity change from 0 to 305160
[    4.704777] loop4: detected capacity change from 0 to 113896
[    4.706130] loop5: detected capacity change from 0 to 129608
[    4.707005] loop6: detected capacity change from 0 to 129672
[    4.707784] loop7: detected capacity change from 0 to 149456
[    4.708414] loop8: detected capacity change from 0 to 149488
[    4.709585] loop9: detected capacity change from 0 to 112704
[    4.710305] loop10: detected capacity change from 0 to 495456
[    4.711194] loop11: detected capacity change from 0 to 495408
[    4.712343] loop12: detected capacity change from 0 to 709280
[    4.713182] loop13: detected capacity change from 0 to 716160
[    4.714335] loop14: detected capacity change from 0 to 942872
[    4.714874] loop15: detected capacity change from 0 to 943256
[    4.715888] loop16: detected capacity change from 0 to 187776
[    4.718021] loop17: detected capacity change from 0 to 94056
[    4.718854] loop18: detected capacity change from 0 to 94064
[    4.720076] loop19: detected capacity change from 0 to 102072
[    4.720826] loop20: detected capacity change from 0 to 109032
[    4.722804] loop21: detected capacity change from 0 to 608
[    4.722832] loop22: detected capacity change from 0 to 856
[    4.799269] ccp 0000:06:00.2: enabling device (0000 -> 0002)
[    4.799581] ccp 0000:06:00.2: ccp: unable to access the device: you might be running a broken BIOS.
[    4.800133] RAPL PMU: API unit is 2^-32 Joules, 1 fixed counters, 163840 ms ovfl timer
[    4.800136] RAPL PMU: hw unit of domain package 2^-16 Joules
[    4.806382] cryptd: max_cpu_qlen set to 1000
[    4.809725] ccp 0000:06:00.2: tee enabled
[    4.809736] ccp 0000:06:00.2: psp enabled
[    4.830394] cfg80211: Loading compiled-in X.509 certificates for regulatory database
[    4.830607] cfg80211: Loaded X.509 cert 'sforshee: 00b28ddf47aef9cea7'
[    4.855500] Bluetooth: Core ver 2.22
[    4.855528] NET: Registered PF_BLUETOOTH protocol family
[    4.855530] Bluetooth: HCI device and connection manager initialized
[    4.855536] Bluetooth: HCI socket layer initialized
[    4.855538] Bluetooth: L2CAP socket layer initialized
[    4.855542] Bluetooth: SCO socket layer initialized
[    4.855910] AVX2 version of gcm_enc/dec engaged.
[    4.855973] AES CTR mode by8 optimization enabled
[    4.859056] ACPI Error: No handler for Region [ECSI] (00000000b771d568) [EmbeddedControl] (20220331/evregion-130)
[    4.859126] ACPI Error: Region EmbeddedControl (ID=3) has no handler (20220331/exfldio-261)

[    4.859155] No Local Variables are initialized for Method [ECRD]

[    4.859157] No Arguments are initialized for method [ECRD]

[    4.859161] ACPI Error: Aborting method \_SB.UBTC.ECRD due to previous error (AE_NOT_EXIST) (20220331/psparse-529)
[    4.859222] ACPI Error: Aborting method \_SB.UBTC._DSM due to previous error (AE_NOT_EXIST) (20220331/psparse-529)
[    4.859316] ACPI: \_SB_.UBTC: failed to evaluate _DSM c298836f-a47c-e411-ad36-631042b5008f (0x6)
[    4.859321] ucsi_acpi USBC000:00: ucsi_acpi_dsm: failed to evaluate _DSM 2
[    4.860802] input: Ideapad extra buttons as /devices/pci0000:00/0000:00:14.3/PNP0C09:00/VPC2004:00/input/input10
[    5.063234] ideapad_acpi VPC2004:00: Keyboard backlight control not available
[    5.073359] ideapad_acpi VPC2004:00: DYTC interface is not available
[    5.118441] snd_pci_acp6x 0000:06:00.5: enabling device (0000 -> 0002)
[    5.121337] usbcore: registered new interface driver btusb
[    5.126962] mt7921e 0000:03:00.0: enabling device (0000 -> 0002)
[    5.130885] AMD-Vi: AMD IOMMUv2 loaded and initialized
[    5.139940] snd_hda_intel 0000:01:00.1: enabling device (0000 -> 0002)
[    5.140013] snd_hda_intel 0000:01:00.1: Disabling MSI
[    5.140019] snd_hda_intel 0000:01:00.1: Handle vga_switcheroo audio client
[    5.140102] snd_hda_intel 0000:06:00.6: enabling device (0000 -> 0002)
[    5.146921] mt7921e 0000:03:00.0: ASIC revision: 79220010
[    5.154503] snd_hda_codec_realtek hdaudioC1D0: autoconfig for ALC257: line_outs=1 (0x14/0x0/0x0/0x0/0x0) type:speaker
[    5.154506] snd_hda_codec_realtek hdaudioC1D0:    speaker_outs=0 (0x0/0x0/0x0/0x0/0x0)
[    5.154508] snd_hda_codec_realtek hdaudioC1D0:    hp_outs=1 (0x21/0x0/0x0/0x0/0x0)
[    5.154509] snd_hda_codec_realtek hdaudioC1D0:    mono: mono_out=0x0
[    5.154510] snd_hda_codec_realtek hdaudioC1D0:    inputs:
[    5.154510] snd_hda_codec_realtek hdaudioC1D0:      Headset Mic=0x19
[    5.154511] snd_hda_codec_realtek hdaudioC1D0:      Internal Mic=0x12
[    5.156807] input: HDA NVidia HDMI/DP,pcm=3 as /devices/pci0000:00/0000:00:01.1/0000:01:00.1/sound/card0/input11
[    5.162973] acp_yc_mach acp_yc_mach.0: Enabling ACP DMIC support via DMI
[    5.163013] acp_yc_mach acp_yc_mach.0: Enabling ACP DMIC support via DMI
[    5.200581] input: HD-Audio Generic Headset Mic as /devices/pci0000:00/0000:00:08.1/0000:06:00.6/sound/card1/input17
[    5.223221] nvidia: loading out-of-tree module taints kernel.
[    5.223231] nvidia: module license 'NVIDIA' taints kernel.
[    5.223232] Disabling lock debugging due to kernel taint
[    5.223648] SVM: TSC scaling supported
[    5.223651] kvm: Nested Virtualization enabled
[    5.223653] SVM: kvm: Nested Paging enabled
[    5.223662] SVM: Virtual VMLOAD VMSAVE supported
[    5.223663] SVM: Virtual GIF supported
[    5.223664] SVM: LBR virtualization supported
[    5.231996] mt7921e 0000:03:00.0: HW/SW Version: 0x8a108a10, Build Time: 20220908203203a

[    5.238751] nvidia: module verification failed: signature and/or required key missing - tainting kernel
[    5.550920] usb 9-1: new full-speed USB device number 3 using xhci_hcd
[    5.625502] mt7921e 0000:03:00.0: WM Firmware Version: ____000000, Build Time: 20220908203253
[    5.728256] usb 9-1: not running at top speed; connect to a high speed hub
[    5.748257] usb 9-1: New USB device found, idVendor=2109, idProduct=0103, bcdDevice= 6.f5
[    5.748262] usb 9-1: New USB device strings: Mfr=1, Product=2, SerialNumber=3
[    5.748265] usb 9-1: Product: USB 2.0 BILLBOARD
[    5.748267] usb 9-1: Manufacturer: VLI Inc.
[    5.748268] usb 9-1: SerialNumber: 0000000000000001
[    5.971057] input: HDA NVidia HDMI/DP,pcm=7 as /devices/pci0000:00/0000:00:01.1/0000:01:00.1/sound/card0/input12
[    5.971158] input: HDA NVidia HDMI/DP,pcm=8 as /devices/pci0000:00/0000:00:01.1/0000:01:00.1/sound/card0/input13
[    5.971244] input: HD-Audio Generic Headphone as /devices/pci0000:00/0000:00:08.1/0000:06:00.6/sound/card1/input18
[    5.971370] input: HDA NVidia HDMI/DP,pcm=9 as /devices/pci0000:00/0000:00:01.1/0000:01:00.1/sound/card0/input14
[    5.971437] input: HDA NVidia HDMI/DP,pcm=10 as /devices/pci0000:00/0000:00:01.1/0000:01:00.1/sound/card0/input15
[    5.971478] input: HDA NVidia HDMI/DP,pcm=11 as /devices/pci0000:00/0000:00:01.1/0000:01:00.1/sound/card0/input16
[    5.975461] MCE: In-kernel MCE decoding enabled.
[    5.975470] [drm] amdgpu kernel modesetting enabled.
[    5.975495] amdgpu: vga_switcheroo: detected switching method \_SB_.PCI0.GP17.VGA_.ATPX handle
[    5.975651] ATPX version 1, functions 0x00000000
[    5.976450] nvidia-nvlink: Nvlink Core is being initialized, major device number 510

[    5.977660] nvidia 0000:01:00.0: vgaarb: changed VGA decodes: olddecodes=io+mem,decodes=none:owns=none
[    5.979213] amdgpu: Virtual CRAT table created for CPU
[    5.979228] amdgpu: Topology: Add CPU node
[    5.979350] amdgpu 0000:06:00.0: enabling device (0000 -> 0003)
[    5.979424] [drm] initializing kernel modesetting (YELLOW_CARP 0x1002:0x1681 0x17AA:0x3B26 0xC8).
[    5.979532] [drm] register mmio base: 0xC1700000
[    5.979534] [drm] register mmio size: 524288
[    5.980137] input: MSFT0001:00 06CB:CE78 Mouse as /devices/platform/AMDI0010:00/i2c-0/i2c-MSFT0001:00/0018:06CB:CE78.0001/input/input19
[    5.980196] input: MSFT0001:00 06CB:CE78 Touchpad as /devices/platform/AMDI0010:00/i2c-0/i2c-MSFT0001:00/0018:06CB:CE78.0001/input/input20
[    5.980244] hid-multitouch 0018:06CB:CE78.0001: input,hidraw0: I2C HID v1.00 Mouse [MSFT0001:00 06CB:CE78] on i2c-MSFT0001:00
[    5.980891] [drm] add ip block number 0 <nv_common>
[    5.980893] [drm] add ip block number 1 <gmc_v10_0>
[    5.980895] [drm] add ip block number 2 <navi10_ih>
[    5.980896] [drm] add ip block number 3 <psp>
[    5.980897] [drm] add ip block number 4 <smu>
[    5.980898] [drm] add ip block number 5 <dm>
[    5.980900] [drm] add ip block number 6 <gfx_v10_0>
[    5.980901] [drm] add ip block number 7 <sdma_v5_2>
[    5.980902] [drm] add ip block number 8 <vcn_v3_0>
[    5.980903] [drm] add ip block number 9 <jpeg_v3_0>
[    5.980917] amdgpu 0000:06:00.0: amdgpu: Fetched VBIOS from VFCT
[    5.980920] amdgpu: ATOM BIOS: 113-REMBRANDT-X35
[    5.980930] [drm] VCN(0) decode is enabled in VM mode
[    5.980932] [drm] VCN(0) encode is enabled in VM mode
[    5.980933] [drm] JPEG decode is enabled in VM mode
[    5.980934] checking generic (7e00000000 1900000) vs hw (8010000000 10000000)
[    5.980936] checking generic (7e00000000 1900000) vs hw (8020000000 200000)
[    5.980937] checking generic (7e00000000 1900000) vs hw (c1700000 80000)
[    5.980939] amdgpu 0000:06:00.0: amdgpu: Trusted Memory Zone (TMZ) feature disabled as experimental (default)
[    5.980942] amdgpu 0000:06:00.0: amdgpu: PCIE atomic ops is not supported
[    5.980980] [drm] vm size is 262144 GB, 4 levels, block size is 9-bit, fragment size is 9-bit
[    5.980985] amdgpu 0000:06:00.0: amdgpu: VRAM: 512M 0x000000F400000000 - 0x000000F41FFFFFFF (512M used)
[    5.980987] amdgpu 0000:06:00.0: amdgpu: GART: 512M 0x0000000000000000 - 0x000000001FFFFFFF
[    5.980989] amdgpu 0000:06:00.0: amdgpu: AGP: 267419648M 0x000000F800000000 - 0x0000FFFFFFFFFFFF
[    5.980995] [drm] Detected VRAM RAM=512M, BAR=512M
